Archive member included to satisfy reference by file (symbol)

c:/eclipse_e-puck2/tools/gcc-arm-none-eabi-7-2017-q4-major-win32/bin/../lib/gcc/arm-none-eabi/7.2.1/../../../../arm-none-eabi/lib/thumb/v7e-m/fpv4-sp/hard\libm.a(lib_a-wf_atan2.o)
                              build/obj/cmd.o (atan2f)
c:/eclipse_e-puck2/tools/gcc-arm-none-eabi-7-2017-q4-major-win32/bin/../lib/gcc/arm-none-eabi/7.2.1/../../../../arm-none-eabi/lib/thumb/v7e-m/fpv4-sp/hard\libm.a(lib_a-wf_sqrt.o)
                              build/obj/cmd.o (sqrtf)
c:/eclipse_e-puck2/tools/gcc-arm-none-eabi-7-2017-q4-major-win32/bin/../lib/gcc/arm-none-eabi/7.2.1/../../../../arm-none-eabi/lib/thumb/v7e-m/fpv4-sp/hard\libm.a(lib_a-ef_atan2.o)
                              c:/eclipse_e-puck2/tools/gcc-arm-none-eabi-7-2017-q4-major-win32/bin/../lib/gcc/arm-none-eabi/7.2.1/../../../../arm-none-eabi/lib/thumb/v7e-m/fpv4-sp/hard\libm.a(lib_a-wf_atan2.o) (__ieee754_atan2f)
c:/eclipse_e-puck2/tools/gcc-arm-none-eabi-7-2017-q4-major-win32/bin/../lib/gcc/arm-none-eabi/7.2.1/../../../../arm-none-eabi/lib/thumb/v7e-m/fpv4-sp/hard\libm.a(lib_a-ef_sqrt.o)
                              c:/eclipse_e-puck2/tools/gcc-arm-none-eabi-7-2017-q4-major-win32/bin/../lib/gcc/arm-none-eabi/7.2.1/../../../../arm-none-eabi/lib/thumb/v7e-m/fpv4-sp/hard\libm.a(lib_a-wf_sqrt.o) (__ieee754_sqrtf)
c:/eclipse_e-puck2/tools/gcc-arm-none-eabi-7-2017-q4-major-win32/bin/../lib/gcc/arm-none-eabi/7.2.1/../../../../arm-none-eabi/lib/thumb/v7e-m/fpv4-sp/hard\libm.a(lib_a-s_lib_ver.o)
                              c:/eclipse_e-puck2/tools/gcc-arm-none-eabi-7-2017-q4-major-win32/bin/../lib/gcc/arm-none-eabi/7.2.1/../../../../arm-none-eabi/lib/thumb/v7e-m/fpv4-sp/hard\libm.a(lib_a-wf_sqrt.o) (__fdlib_version)
c:/eclipse_e-puck2/tools/gcc-arm-none-eabi-7-2017-q4-major-win32/bin/../lib/gcc/arm-none-eabi/7.2.1/../../../../arm-none-eabi/lib/thumb/v7e-m/fpv4-sp/hard\libm.a(lib_a-s_matherr.o)
                              c:/eclipse_e-puck2/tools/gcc-arm-none-eabi-7-2017-q4-major-win32/bin/../lib/gcc/arm-none-eabi/7.2.1/../../../../arm-none-eabi/lib/thumb/v7e-m/fpv4-sp/hard\libm.a(lib_a-wf_sqrt.o) (matherr)
c:/eclipse_e-puck2/tools/gcc-arm-none-eabi-7-2017-q4-major-win32/bin/../lib/gcc/arm-none-eabi/7.2.1/../../../../arm-none-eabi/lib/thumb/v7e-m/fpv4-sp/hard\libm.a(lib_a-sf_atan.o)
                              c:/eclipse_e-puck2/tools/gcc-arm-none-eabi-7-2017-q4-major-win32/bin/../lib/gcc/arm-none-eabi/7.2.1/../../../../arm-none-eabi/lib/thumb/v7e-m/fpv4-sp/hard\libm.a(lib_a-ef_atan2.o) (atanf)
c:/eclipse_e-puck2/tools/gcc-arm-none-eabi-7-2017-q4-major-win32/bin/../lib/gcc/arm-none-eabi/7.2.1/../../../../arm-none-eabi/lib/thumb/v7e-m/fpv4-sp/hard\libm.a(lib_a-sf_fabs.o)
                              c:/eclipse_e-puck2/tools/gcc-arm-none-eabi-7-2017-q4-major-win32/bin/../lib/gcc/arm-none-eabi/7.2.1/../../../../arm-none-eabi/lib/thumb/v7e-m/fpv4-sp/hard\libm.a(lib_a-ef_atan2.o) (fabsf)
../../lib/e-puck2_main-processor/libPDMFilter_CM4F_GCC.a(pdm_filter.o)
                              build/obj/mp45dt02_processing.o (PDM_Filter_Init)
c:/eclipse_e-puck2/tools/gcc-arm-none-eabi-7-2017-q4-major-win32/bin/../lib/gcc/arm-none-eabi/7.2.1/thumb/v7e-m/fpv4-sp/hard\libgcc.a(_arm_addsubdf3.o)
                              build/obj/chprintf.o (__aeabi_dsub)
c:/eclipse_e-puck2/tools/gcc-arm-none-eabi-7-2017-q4-major-win32/bin/../lib/gcc/arm-none-eabi/7.2.1/thumb/v7e-m/fpv4-sp/hard\libgcc.a(_arm_muldivdf3.o)
                              build/obj/chprintf.o (__aeabi_dmul)
c:/eclipse_e-puck2/tools/gcc-arm-none-eabi-7-2017-q4-major-win32/bin/../lib/gcc/arm-none-eabi/7.2.1/thumb/v7e-m/fpv4-sp/hard\libgcc.a(_arm_fixdfsi.o)
                              build/obj/chprintf.o (__aeabi_d2iz)
c:/eclipse_e-puck2/tools/gcc-arm-none-eabi-7-2017-q4-major-win32/bin/../lib/gcc/arm-none-eabi/7.2.1/thumb/v7e-m/fpv4-sp/hard\libgcc.a(_arm_fixunsdfsi.o)
                              ../../lib/e-puck2_main-processor/libPDMFilter_CM4F_GCC.a(pdm_filter.o) (__aeabi_d2uiz)
c:/eclipse_e-puck2/tools/gcc-arm-none-eabi-7-2017-q4-major-win32/bin/../lib/gcc/arm-none-eabi/7.2.1/thumb/v7e-m/fpv4-sp/hard\libgcc.a(_arm_truncdfsf2.o)
                              build/obj/cmp.o (__aeabi_d2f)
c:/eclipse_e-puck2/tools/gcc-arm-none-eabi-7-2017-q4-major-win32/bin/../lib/gcc/arm-none-eabi/7.2.1/thumb/v7e-m/fpv4-sp/hard\libgcc.a(_arm_addsubsf3.o)
                              build/obj/parameter_msgpack.o (__aeabi_l2f)
c:/eclipse_e-puck2/tools/gcc-arm-none-eabi-7-2017-q4-major-win32/bin/../lib/gcc/arm-none-eabi/7.2.1/thumb/v7e-m/fpv4-sp/hard\libgcc.a(_aeabi_uldivmod.o)
                              build/obj/uc_usage.o (__aeabi_uldivmod)
c:/eclipse_e-puck2/tools/gcc-arm-none-eabi-7-2017-q4-major-win32/bin/../lib/gcc/arm-none-eabi/7.2.1/thumb/v7e-m/fpv4-sp/hard\libgcc.a(_udivmoddi4.o)
[...]
Memory Configuration

Name             Origin             Length             Attributes
flash            0x08000000         0x000c0000
aseba_bytecode   0x080c0000         0x00020000
config           0x080e0000         0x00020000
ram              0x20000000         0x0001c000
ethram           0x2001c000         0x00004000
ccmram           0x10000000         0x00010000
ram0             0x20000000         0x00020000
ram1             0x20000000         0x0001c000
ram2             0x2001c000         0x00004000
ram3             0x00000000         0x00000000
ram4             0x10000000         0x00010000
ram5             0x40024000         0x00001000
ram6             0x00000000         0x00000000
ram7             0x00000000         0x00000000
*default*        0x00000000         0xffffffff

Linker script and memory map

LOAD build/obj/crt0_v7m.o
LOAD build/obj/chcoreasm_v7m.o
LOAD build/obj/main.o
LOAD build/obj/communications.o
LOAD build/obj/process_image.o
LOAD build/obj/spi3_slave_lld.o
LOAD build/obj/dcmi_lld.o
LOAD build/obj/dcmi.o
LOAD build/obj/spi3_slave.o
LOAD build/obj/audio_thread.o
LOAD build/obj/microphone.o
LOAD build/obj/mp45dt02_processing.o
LOAD build/obj/play_melody.o
LOAD build/obj/button.o
LOAD build/obj/dcmi_camera.o
LOAD build/obj/po8030.o
LOAD build/obj/cmd.o
LOAD build/obj/Asercom.o
LOAD build/obj/Asercom2.o
LOAD build/obj/DataEEPROM.o
LOAD build/obj/e_I2C_protocol.o
LOAD build/obj/e_acc.o
LOAD build/obj/e_ad_conv.o
LOAD build/obj/e_micro.o
LOAD build/obj/e_prox.o
LOAD build/obj/e_lsm330.o
LOAD build/obj/e_common.o
LOAD build/obj/e_sound.o
LOAD build/obj/e_agenda.o
LOAD build/obj/e_led.o
LOAD build/obj/e_motors.o
LOAD build/obj/e_remote_control.o
LOAD build/obj/e_init_port.o
LOAD build/obj/e_uart_char.o
LOAD build/obj/utility.o
LOAD build/obj/exti.o
LOAD build/obj/flash.o
LOAD build/obj/i2c_bus.o
LOAD build/obj/ir_remote.o
LOAD build/obj/leds.o
LOAD build/obj/memory_protection.o
LOAD build/obj/motors.o
LOAD build/obj/panic.o
LOAD build/obj/selector.o
LOAD build/obj/battery_level.o
LOAD build/obj/imu.o
LOAD build/obj/mpu9250.o
LOAD build/obj/proximity.o
LOAD build/obj/spi_comm.o
LOAD build/obj/sdio.o
LOAD build/obj/usbcfg.o
LOAD build/obj/uc_usage.o
LOAD build/obj/malloc_lock.o
LOAD build/obj/newlib_syscalls.o
LOAD build/obj/port.o
LOAD build/obj/communication.o
LOAD build/obj/config_flash_storage.o
LOAD build/obj/vl53l0x_api.o
LOAD build/obj/vl53l0x_api_calibration.o
LOAD build/obj/vl53l0x_api_core.o
LOAD build/obj/vl53l0x_api_ranging.o
LOAD build/obj/vl53l0x_api_strings.o
LOAD build/obj/vl53l0x_i2c_platform.o
LOAD build/obj/vl53l0x_platform.o
LOAD build/obj/VL53L0X.o
LOAD build/obj/serial_datagram.o
LOAD build/obj/cmp.o
LOAD build/obj/cmp_mem_access.o
LOAD build/obj/crc16.o
LOAD build/obj/crc32.o
LOAD build/obj/messagebus.o
LOAD build/obj/parameter.o
LOAD build/obj/parameter_msgpack.o
LOAD build/obj/parameter_print.o
LOAD build/obj/fat.o
LOAD build/obj/play_sound_file.o
LOAD build/obj/crt1.o
LOAD build/obj/vectors.o
LOAD build/obj/chsys.o
LOAD build/obj/chdebug.o
LOAD build/obj/chvt.o
LOAD build/obj/chschd.o
LOAD build/obj/chthreads.o
LOAD build/obj/chtm.o
LOAD build/obj/chstats.o
LOAD build/obj/chdynamic.o
LOAD build/obj/chregistry.o
LOAD build/obj/chsem.o
LOAD build/obj/chmtx.o
LOAD build/obj/chcond.o
LOAD build/obj/chevents.o
LOAD build/obj/chmsg.o
LOAD build/obj/chmboxes.o
LOAD build/obj/chqueues.o
LOAD build/obj/chmemcore.o
LOAD build/obj/chheap.o
LOAD build/obj/chmempools.o
LOAD build/obj/chcore.o
LOAD build/obj/chcore_v7m.o
LOAD build/obj/osal.o
LOAD build/obj/hal.o
LOAD build/obj/hal_queues.o
LOAD build/obj/hal_mmcsd.o
LOAD build/obj/adc.o
LOAD build/obj/can.o
LOAD build/obj/dac.o
LOAD build/obj/ext.o
LOAD build/obj/gpt.o
LOAD build/obj/i2c.o
LOAD build/obj/i2s.o
LOAD build/obj/icu.o
LOAD build/obj/mac.o
LOAD build/obj/mmc_spi.o
LOAD build/obj/pal.o
LOAD build/obj/pwm.o
LOAD build/obj/rtc.o
LOAD build/obj/sdc.o
LOAD build/obj/serial.o
LOAD build/obj/serial_usb.o
LOAD build/obj/spi.o
LOAD build/obj/st.o
LOAD build/obj/uart.o
LOAD build/obj/usb.o
LOAD build/obj/nvic.o
LOAD build/obj/stm32_dma.o
LOAD build/obj/hal_lld.o
LOAD build/obj/adc_lld.o
LOAD build/obj/ext_lld_isr.o
LOAD build/obj/can_lld.o
LOAD build/obj/ext_lld.o
LOAD build/obj/mac_lld.o
LOAD build/obj/sdc_lld.o
LOAD build/obj/dac_lld.o
LOAD build/obj/pal_lld.o
LOAD build/obj/i2c_lld.o
LOAD build/obj/usb_lld.o
LOAD build/obj/rtc_lld.o
LOAD build/obj/i2s_lld.o
LOAD build/obj/spi_lld.o
LOAD build/obj/gpt_lld.o
LOAD build/obj/icu_lld.o
LOAD build/obj/pwm_lld.o
LOAD build/obj/st_lld.o
LOAD build/obj/serial_lld.o
LOAD build/obj/uart_lld.o
LOAD build/obj/board.o
LOAD build/obj/test.o
LOAD build/obj/testthd.o
LOAD build/obj/testsem.o
LOAD build/obj/testmtx.o
LOAD build/obj/testmsg.o
LOAD build/obj/testmbox.o
LOAD build/obj/testevt.o
LOAD build/obj/testheap.o
LOAD build/obj/testpools.o
LOAD build/obj/testdyn.o
LOAD build/obj/testqueues.o
LOAD build/obj/testsys.o
LOAD build/obj/testbmk.o
LOAD build/obj/shell.o
LOAD build/obj/memstreams.o
LOAD build/obj/chprintf.o
LOAD build/obj/fatfs_diskio.o
LOAD build/obj/fatfs_syscall.o
LOAD build/obj/ff.o
LOAD build/obj/unicode.o
LOAD build/obj/vm-buffer.o
LOAD build/obj/can-buffer.o
LOAD build/obj/can-net.o
LOAD build/obj/natives.o
LOAD build/obj/vm.o
LOAD build/obj/aseba_can_interface.o
LOAD build/obj/aseba_node.o
LOAD build/obj/skel_user.o
LOAD build/obj/aseba_bridge.o
                0x080c0000                _aseba_bytecode_start = ORIGIN (aseba_bytecode)
                0x080e0000                _aseba_bytecode_end = (ORIGIN (aseba_bytecode) + LENGTH (aseba_bytecode))
                0x080e0000                _config_start = ORIGIN (config)
                0x08100000                _config_end = (ORIGIN (config) + LENGTH (config))
                0x20000000                __ram0_start__ = ORIGIN (ram0)
                0x00020000                __ram0_size__ = LENGTH (ram0)
                0x20020000                __ram0_end__ = (__ram0_start__ + __ram0_size__)
                0x20000000                __ram1_start__ = ORIGIN (ram1)
                0x0001c000                __ram1_size__ = LENGTH (ram1)
                0x2001c000                __ram1_end__ = (__ram1_start__ + __ram1_size__)
                0x2001c000                __ram2_start__ = ORIGIN (ram2)
                0x00004000                __ram2_size__ = LENGTH (ram2)
                0x20020000                __ram2_end__ = (__ram2_start__ + __ram2_size__)
                0x00000000                __ram3_start__ = ORIGIN (ram3)
                0x00000000                __ram3_size__ = LENGTH (ram3)
                0x00000000                __ram3_end__ = (__ram3_start__ + __ram3_size__)
                0x10000000                __ram4_start__ = ORIGIN (ram4)
                0x00010000                __ram4_size__ = LENGTH (ram4)
                0x10010000                __ram4_end__ = (__ram4_start__ + __ram4_size__)
                0x40024000                __ram5_start__ = ORIGIN (ram5)
                0x00001000                __ram5_size__ = LENGTH (ram5)
                0x40025000                __ram5_end__ = (__ram5_start__ + __ram5_size__)
                0x00000000                __ram6_start__ = ORIGIN (ram6)
                0x00000000                __ram6_size__ = LENGTH (ram6)
                0x00000000                __ram6_end__ = (__ram6_start__ + __ram6_size__)
                0x00000000                __ram7_start__ = ORIGIN (ram7)
                0x00000000                __ram7_size__ = LENGTH (ram7)
                0x00000000                __ram7_end__ = (__ram7_start__ + __ram7_size__)
                0x00000000                . = 0x0
                0x00000000                _text = .

startup         0x08000000      0x1c0
 *(.vectors)
 .vectors       0x08000000      0x1c0 build/obj/vectors.o
                0x08000000                _vectors

constructors    0x080001c0        0x0
                0x080001c0                PROVIDE (__init_array_start, .)
 *(SORT_BY_NAME(.init_array.*))
 *(.init_array)
                0x080001c0                PROVIDE (__init_array_end, .)

destructors     0x080001c0        0x0
                0x080001c0                PROVIDE (__fini_array_start, .)
 *(.fini_array)
 *(SORT_BY_NAME(.fini_array.*))
                0x080001c0                PROVIDE (__fini_array_end, .)

.text           0x080001c0    0x160cc
 *(.text)
 .text          0x080001c0       0xf0 build/obj/crt0_v7m.o
                0x080001c0                Reset_Handler
 .text          0x080002b0       0x48 build/obj/chcoreasm_v7m.o
                0x080002b0                _port_switch
                0x080002c8                _port_thread_start
                0x080002e0                _port_switch_from_isr
                0x080002f4                _port_exit_from_isr
 *fill*         0x080002f8        0x8 
 .text          0x08000300      0x378 c:/eclipse_e-puck2/tools/gcc-arm-none-eabi-7-2017-q4-major-win32/bin/../lib/gcc/arm-none-eabi/7.2.1/thumb/v7e-m/fpv4-sp/hard\libgcc.a(_arm_addsubdf3.o)
                0x08000300                __aeabi_drsub
                0x08000308                __aeabi_dsub
                0x08000308                __subdf3
                0x0800030c                __aeabi_dadd
                0x0800030c                __adddf3
                0x08000584                __floatunsidf
                0x08000584                __aeabi_ui2d
                0x080005a4                __floatsidf
                0x080005a4                __aeabi_i2d
                0x080005c8                __aeabi_f2d
                0x080005c8                __extendsfdf2
                0x0800060c                __floatundidf
                0x0800060c                __aeabi_ul2d
                0x0800061c                __floatdidf
                0x0800061c                __aeabi_l2d
 *fill*         0x08000678        0x8 
 .text          0x08000680      0x424 c:/eclipse_e-puck2/tools/gcc-arm-none-eabi-7-2017-q4-major-win32/bin/../lib/gcc/arm-none-eabi/7.2.1/thumb/v7e-m/fpv4-sp/hard\libgcc.a(_arm_muldivdf3.o)
                0x08000680                __aeabi_dmul
                0x08000680                __muldf3
                0x080008d4                __divdf3
                0x080008d4                __aeabi_ddiv
 *fill*         0x08000aa4        0xc 
 .text          0x08000ab0       0x50 c:/eclipse_e-puck2/tools/gcc-arm-none-eabi-7-2017-q4-major-win32/bin/../lib/gcc/arm-none-eabi/7.2.1/thumb/v7e-m/fpv4-sp/hard\libgcc.a(_arm_fixdfsi.o)
                0x08000ab0                __aeabi_d2iz
                0x08000ab0                __fixdfsi
 .text          0x08000b00       0x30 c:/eclipse_e-puck2/tools/gcc-arm-none-eabi-7-2017-q4-major-win32/bin/../lib/gcc/arm-none-eabi/7.2.1/thumb/v7e-m/fpv4-sp/hard\libgcc.a(_aeabi_uldivmod.o)
                0x08000b00                __aeabi_uldivmod
 .text          0x08000b30      0x2cc c:/eclipse_e-puck2/tools/gcc-arm-none-eabi-7-2017-q4-major-win32/bin/../lib/gcc/arm-none-eabi/7.2.1/thumb/v7e-m/fpv4-sp/hard\libgcc.a(_udivmoddi4.o)
                0x08000b30                __udivmoddi4
 *fill*         0x08000dfc        0x4 
 .text          0x08000e00        0x4 c:/eclipse_e-puck2/tools/gcc-arm-none-eabi-7-2017-q4-major-win32/bin/../lib/gcc/arm-none-eabi/7.2.1/thumb/v7e-m/fpv4-sp/hard\libgcc.a(_dvmd_tls.o)
                0x08000e00                __aeabi_idiv0
                0x08000e00                __aeabi_ldiv0
 *fill*         0x08000e04        0xc 
 .text          0x08000e10      0x134 c:/eclipse_e-puck2/tools/gcc-arm-none-eabi-7-2017-q4-major-win32/bin/../lib/gcc/arm-none-eabi/7.2.1/../../../../arm-none-eabi/lib/thumb/v7e-m/fpv4-sp/hard\libg.a(lib_a-memcpy.o)
                0x08000e10                memcpy
 *fill*         0x08000f44        0xc 
 .text          0x08000f50       0xdc c:/eclipse_e-puck2/tools/gcc-arm-none-eabi-7-2017-q4-major-win32/bin/../lib/gcc/arm-none-eabi/7.2.1/../../../../arm-none-eabi/lib/thumb/v7e-m/fpv4-sp/hard\libg.a(lib_a-strlen.o)
                0x08000f50                strlen
 *fill*         0x0800102c        0x4 
 .text          0x08001030       0xa0 c:/eclipse_e-puck2/tools/gcc-arm-none-eabi-7-2017-q4-major-win32/bin/../lib/gcc/arm-none-eabi/7.2.1/../../../../arm-none-eabi/lib/thumb/v7e-m/fpv4-sp/hard\libg.a(lib_a-memchr.o)
                0x08001030                memchr
 .text          0x080010d0      0x110 c:/eclipse_e-puck2/tools/gcc-arm-none-eabi-7-2017-q4-major-win32/bin/../lib/gcc/arm-none-eabi/7.2.1/thumb/v7e-m/fpv4-sp/hard\libgcc.a(_arm_cmpdf2.o)
                0x080010d0                __gtdf2
                0x080010d0                __gedf2
                0x080010d8                __ltdf2
                0x080010d8                __ledf2
                0x080010e0                __nedf2
                0x080010e0                __eqdf2
                0x080010e0                __cmpdf2
                0x0800115c                __aeabi_cdrcmple
                0x0800116c                __aeabi_cdcmpeq
                0x0800116c                __aeabi_cdcmple
                0x0800117c                __aeabi_dcmpeq
                0x08001190                __aeabi_dcmplt
                0x080011a4                __aeabi_dcmple
                0x080011b8                __aeabi_dcmpge
                0x080011cc                __aeabi_dcmpgt
 .text          0x080011e0       0x2c c:/eclipse_e-puck2/tools/gcc-arm-none-eabi-7-2017-q4-major-win32/bin/../lib/gcc/arm-none-eabi/7.2.1/thumb/v7e-m/fpv4-sp/hard\libgcc.a(_arm_unorddf2.o)
                0x080011e0                __unorddf2
                0x080011e0                __aeabi_dcmpun
 *(.text.*)
 *fill*         0x0800120c        0x4 
 .text.SendUint8ToComputer
                0x08001210       0x58 build/obj/main.o
                0x08001210                SendUint8ToComputer
 *fill*         0x08001268        0x8 
 .text.startup.main
                0x08001270       0x68 build/obj/main.o
                0x08001270                main
 *fill*         0x080012d8        0x8 
 .text.__stack_chk_fail
                0x080012e0       0x2c build/obj/main.o
                0x080012e0                __stack_chk_fail
 *fill*         0x0800130c        0x4 
 .text.ProcessImage
                0x08001310       0x5c build/obj/process_image.o
 *fill*         0x0800136c        0x4 
 .text.CaptureImage
                0x08001370       0xa4 build/obj/process_image.o
 *fill*         0x08001414        0xc 
 .text.process_image_start
                0x08001420       0x50 build/obj/process_image.o
                0x08001420                process_image_start
 .text.dcmi_lld_serve_dma_rx_interrupt
                0x08001470       0x7c build/obj/dcmi_lld.o
 *fill*         0x080014ec        0x4 
 .text.Vector178
                0x080014f0       0xd0 build/obj/dcmi_lld.o
                0x080014f0                Vector178
 .text.dcmi_lld_init
                0x080015c0       0x44 build/obj/dcmi_lld.o
                0x080015c0                dcmi_lld_init
 *fill*         0x08001604        0xc 
 .text.dcmi_lld_prepare
                0x08001610       0xd8 build/obj/dcmi_lld.o
                0x08001610                dcmi_lld_prepare
 *fill*         0x080016e8        0x8 
 .text.dcmi_lld_unprepare
                0x080016f0       0x70 build/obj/dcmi_lld.o
                0x080016f0                dcmi_lld_unprepare
 .text.dcmi_lld_start_oneshot
                0x08001760       0x44 build/obj/dcmi_lld.o
                0x08001760                dcmi_lld_start_oneshot
 *fill*         0x080017a4        0xc 
 .text.dcmi_lld_start_stream
                0x080017b0       0x44 build/obj/dcmi_lld.o
                0x080017b0                dcmi_lld_start_stream
 *fill*         0x080017f4        0xc 
 .text.dcmiInit
                0x08001800       0x24 build/obj/dcmi.o
                0x08001800                dcmiInit
 *fill*         0x08001824        0xc 
 .text.dcmiObjectInit
                0x08001830       0x28 build/obj/dcmi.o
                0x08001830                dcmiObjectInit
 *fill*         0x08001858        0x8 
 .text.dcmiPrepare
                0x08001860       0xb0 build/obj/dcmi.o
                0x08001860                dcmiPrepare
 .text.dcmiUnprepare
                0x08001910       0x84 build/obj/dcmi.o
                0x08001910                dcmiUnprepare
 *fill*         0x08001994        0xc 
 .text.dcmiStartOneShot
                0x080019a0       0x84 build/obj/dcmi.o
                0x080019a0                dcmiStartOneShot
 *fill*         0x08001a24        0xc 
 .text.dcmiStartStream
                0x08001a30       0x84 build/obj/dcmi.o
                0x08001a30                dcmiStartStream
 *fill*         0x08001ab4        0xc 
 .text.dmaTransferEndCb
                0x08001ac0       0x20 build/obj/dcmi_camera.o
                0x08001ac0                dmaTransferEndCb
 .text.dcmiErrorCb
                0x08001ae0       0x20 build/obj/dcmi_camera.o
                0x08001ae0                dcmiErrorCb
 .text.frameEndCb
                0x08001b00       0x50 build/obj/dcmi_camera.o
                0x08001b00                frameEndCb
 .text.dcmi_start
                0x08001b50       0x44 build/obj/dcmi_camera.o
                0x08001b50                dcmi_start
 *fill*         0x08001b94        0xc 
 .text.dcmi_prepare
                0x08001ba0       0x7c build/obj/dcmi_camera.o
                0x08001ba0                dcmi_prepare
 *fill*         0x08001c1c        0x4 
 .text.wait_image_ready
                0x08001c20       0x3c build/obj/dcmi_camera.o
                0x08001c20                wait_image_ready
 *fill*         0x08001c5c        0x4 
 .text.dcmi_enable_double_buffering
                0x08001c60       0x68 build/obj/dcmi_camera.o
                0x08001c60                dcmi_enable_double_buffering
 *fill*         0x08001cc8        0x8 
 .text.dcmi_set_capture_mode
                0x08001cd0       0x28 build/obj/dcmi_camera.o
                0x08001cd0                dcmi_set_capture_mode
 *fill*         0x08001cf8        0x8 
 .text.dcmi_get_last_image_ptr
                0x08001d00       0x4c build/obj/dcmi_camera.o
                0x08001d00                dcmi_get_last_image_ptr
 *fill*         0x08001d4c        0x4 
 .text.dcmi_capture_start
                0x08001d50       0x48 build/obj/dcmi_camera.o
                0x08001d50                dcmi_capture_start
 *fill*         0x08001d98        0x8 
 .text.po8030_set_format
                0x08001da0       0xa8 build/obj/po8030.o
                0x08001da0                po8030_set_format
 *fill*         0x08001e48        0x8 
 .text.po8030_start
                0x08001e50      0x298 build/obj/po8030.o
                0x08001e50                po8030_start
 *fill*         0x080020e8        0x8 
 .text.po8030_advanced_config
                0x080020f0      0x4a8 build/obj/po8030.o
                0x080020f0                po8030_advanced_config
 *fill*         0x08002598        0x8 
 .text.po8030_get_image_size
                0x080025a0       0x34 build/obj/po8030.o
                0x080025a0                po8030_get_image_size
 *fill*         0x080025d4        0xc 
 .text.i2c_start
                0x080025e0       0x80 build/obj/i2c_bus.o
                0x080025e0                i2c_start
 .text.i2c_stop
                0x08002660       0x2c build/obj/i2c_bus.o
                0x08002660                i2c_stop
 *fill*         0x0800268c        0x4 
 .text.write_reg
                0x08002690       0xd4 build/obj/i2c_bus.o
                0x08002690                write_reg
 *fill*         0x08002764        0xc 
 .text.mpu_init
                0x08002770       0xe4 build/obj/memory_protection.o
                0x08002770                mpu_init
 *fill*         0x08002854        0xc 
 .text.MemManage_Handler
                0x08002860       0x84 build/obj/memory_protection.o
                0x08002860                MemManage_Handler
 *fill*         0x080028e4        0xc 
 .text.right_motor_update
                0x080028f0       0x88 build/obj/motors.o
 *fill*         0x08002978        0x8 
 .text.left_motor_update
                0x08002980       0x88 build/obj/motors.o
 *fill*         0x08002a08        0x8 
 .text.right_motor_pwm_ch1_cb
                0x08002a10       0x3c build/obj/motors.o
 *fill*         0x08002a4c        0x4 
 .text.left_motor_pwm_ch1_cb
                0x08002a50       0x3c build/obj/motors.o
 *fill*         0x08002a8c        0x4 
 .text.right_motor_enable_power_save
                0x08002a90       0x38 build/obj/motors.o
                0x08002a90                right_motor_enable_power_save
 *fill*         0x08002ac8        0x8 
 .text.left_motor_enable_power_save
                0x08002ad0       0x38 build/obj/motors.o
                0x08002ad0                left_motor_enable_power_save
 *fill*         0x08002b08        0x8 
 .text.right_motor_disable_power_save
                0x08002b10       0x2c build/obj/motors.o
                0x08002b10                right_motor_disable_power_save
 *fill*         0x08002b3c        0x4 
 .text.left_motor_disable_power_save
                0x08002b40       0x2c build/obj/motors.o
                0x08002b40                left_motor_disable_power_save
 *fill*         0x08002b6c        0x4 
 .text.right_motor_timer_callback
                0x08002b70       0x7c build/obj/motors.o
 *fill*         0x08002bec        0x4 
 .text.left_motor_timer_callback
                0x08002bf0       0x7c build/obj/motors.o
 *fill*         0x08002c6c        0x4 
 .text.motors_init
                0x08002c70       0xd4 build/obj/motors.o
                0x08002c70                motors_init
 *fill*         0x08002d44        0xc 
 .text.panic_handler
                0x08002d50       0x38 build/obj/panic.o
                0x08002d50                panic_handler
 *fill*         0x08002d88        0x8 
 .text.pwm_reset_cb
                0x08002d90       0x8c build/obj/proximity.o
 *fill*         0x08002e1c        0x4 
 .text.pwm_ch1_cb
                0x08002e20       0x40 build/obj/proximity.o
 .text.proximity_thd
                0x08002e60      0x244 build/obj/proximity.o
 *fill*         0x080030a4        0xc 
 .text.adc_cb   0x080030b0      0x12c build/obj/proximity.o
 *fill*         0x080031dc        0x4 
 .text.proximity_start
                0x080031e0       0xa0 build/obj/proximity.o
                0x080031e0                proximity_start
 .text.calibrate_ir
                0x08003280       0x40 build/obj/proximity.o
                0x08003280                calibrate_ir
 .text.get_descriptor
                0x080032c0       0x50 build/obj/usbcfg.o
 .text.usb_event
                0x08003310       0x68 build/obj/usbcfg.o
 *fill*         0x08003378        0x8 
 .text.usb_start
                0x08003380       0x64 build/obj/usbcfg.o
                0x08003380                usb_start
 *fill*         0x080033e4        0xc 
 .text.__malloc_lock
                0x080033f0       0x2c build/obj/malloc_lock.o
                0x080033f0                __malloc_lock
 *fill*         0x0800341c        0x4 
 .text.__malloc_unlock
                0x08003420       0x2c build/obj/malloc_lock.o
                0x08003420                __malloc_unlock
 *fill*         0x0800344c        0x4 
 .text._sbrk_r  0x08003450       0x40 build/obj/newlib_syscalls.o
                0x08003450                _sbrk_r
 .text._fini    0x08003490       0x20 build/obj/newlib_syscalls.o
                0x08003490                _fini
 .text.messagebus_lock_acquire
                0x080034b0       0x24 build/obj/port.o
                0x080034b0                messagebus_lock_acquire
 *fill*         0x080034d4        0xc 
 .text.messagebus_lock_release
                0x080034e0       0x24 build/obj/port.o
                0x080034e0                messagebus_lock_release
 *fill*         0x08003504        0xc 
 .text.messagebus_condvar_broadcast
                0x08003510       0x24 build/obj/port.o
                0x08003510                messagebus_condvar_broadcast
 *fill*         0x08003534        0xc 
 .text.VL53L0X_GetDeviceInfo
                0x08003540       0x24 build/obj/vl53l0x_api.o
                0x08003540                VL53L0X_GetDeviceInfo
 *fill*         0x08003564        0xc 
 .text.VL53L0X_GetDeviceParameters
                0x08003570      0x158 build/obj/vl53l0x_api.o
                0x08003570                VL53L0X_GetDeviceParameters
 *fill*         0x080036c8        0x8 
 .text.VL53L0X_DataInit
                0x080036d0      0x214 build/obj/vl53l0x_api.o
                0x080036d0                VL53L0X_DataInit
 *fill*         0x080038e4        0xc 
 .text.VL53L0X_StaticInit
                0x080038f0      0x294 build/obj/vl53l0x_api.o
                0x080038f0                VL53L0X_StaticInit
 *fill*         0x08003b84        0xc 
 .text.VL53L0X_SetDeviceMode
                0x08003b90       0x3c build/obj/vl53l0x_api.o
                0x08003b90                VL53L0X_SetDeviceMode
 *fill*         0x08003bcc        0x4 
 .text.VL53L0X_SetMeasurementTimingBudgetMicroSeconds
                0x08003bd0       0x24 build/obj/vl53l0x_api.o
                0x08003bd0                VL53L0X_SetMeasurementTimingBudgetMicroSeconds
 *fill*         0x08003bf4        0xc 
 .text.VL53L0X_SetVcselPulsePeriod
                0x08003c00       0x24 build/obj/vl53l0x_api.o
                0x08003c00                VL53L0X_SetVcselPulsePeriod
 *fill*         0x08003c24        0xc 
 .text.VL53L0X_GetVcselPulsePeriod
                0x08003c30       0x24 build/obj/vl53l0x_api.o
                0x08003c30                VL53L0X_GetVcselPulsePeriod
 *fill*         0x08003c54        0xc 
 .text.VL53L0X_GetSequenceStepEnables
                0x08003c60       0x5c build/obj/vl53l0x_api.o
                0x08003c60                VL53L0X_GetSequenceStepEnables
 *fill*         0x08003cbc        0x4 
 .text.VL53L0X_GetXTalkCompensationEnable
                0x08003cc0       0x28 build/obj/vl53l0x_api.o
                0x08003cc0                VL53L0X_GetXTalkCompensationEnable
 *fill*         0x08003ce8        0x8 
 .text.VL53L0X_SetLimitCheckEnable
                0x08003cf0       0xb0 build/obj/vl53l0x_api.o
                0x08003cf0                VL53L0X_SetLimitCheckEnable
 .text.VL53L0X_GetLimitCheckEnable
                0x08003da0       0x34 build/obj/vl53l0x_api.o
                0x08003da0                VL53L0X_GetLimitCheckEnable
 *fill*         0x08003dd4        0xc 
 .text.VL53L0X_SetLimitCheckValue
                0x08003de0       0x7c build/obj/vl53l0x_api.o
                0x08003de0                VL53L0X_SetLimitCheckValue
 *fill*         0x08003e5c        0x4 
 .text.VL53L0X_GetLimitCheckValue
                0x08003e60       0x88 build/obj/vl53l0x_api.o
                0x08003e60                VL53L0X_GetLimitCheckValue
 *fill*         0x08003ee8        0x8 
 .text.VL53L0X_PerformRefCalibration
                0x08003ef0       0x28 build/obj/vl53l0x_api.o
                0x08003ef0                VL53L0X_PerformRefCalibration
 *fill*         0x08003f18        0x8 
 .text.VL53L0X_StartMeasurement
                0x08003f20      0x1b4 build/obj/vl53l0x_api.o
                0x08003f20                VL53L0X_StartMeasurement
 *fill*         0x080040d4        0xc 
 .text.VL53L0X_GetMeasurementDataReady
                0x080040e0       0x68 build/obj/vl53l0x_api.o
                0x080040e0                VL53L0X_GetMeasurementDataReady
 *fill*         0x08004148        0x8 
 .text.VL53L0X_GetRangingMeasurementData
                0x08004150      0x170 build/obj/vl53l0x_api.o
                0x08004150                VL53L0X_GetRangingMeasurementData
 .text.VL53L0X_PerformSingleRangingMeasurement
                0x080042c0      0x138 build/obj/vl53l0x_api.o
                0x080042c0                VL53L0X_PerformSingleRangingMeasurement
 *fill*         0x080043f8        0x8 
 .text.VL53L0X_ClearInterruptMask
                0x08004400       0x70 build/obj/vl53l0x_api.o
                0x08004400                VL53L0X_ClearInterruptMask
 .text.VL53L0X_PerformRefSpadManagement
                0x08004470       0x24 build/obj/vl53l0x_api.o
                0x08004470                VL53L0X_PerformRefSpadManagement
 *fill*         0x08004494        0xc 
 .text.enable_ref_spads.constprop.1
                0x080044a0      0x1a0 build/obj/vl53l0x_api_calibration.o
 .text.VL53L0X_get_offset_calibration_data_micro_meter
                0x08004640       0x54 build/obj/vl53l0x_api_calibration.o
                0x08004640                VL53L0X_get_offset_calibration_data_micro_meter
 *fill*         0x08004694        0xc 
 .text.VL53L0X_set_reference_spads
                0x080046a0       0xc0 build/obj/vl53l0x_api_calibration.o
                0x080046a0                VL53L0X_set_reference_spads
 .text.VL53L0X_perform_phase_calibration
                0x08004760      0x140 build/obj/vl53l0x_api_calibration.o
                0x08004760                VL53L0X_perform_phase_calibration
 .text.VL53L0X_perform_ref_calibration
                0x080048a0      0x1dc build/obj/vl53l0x_api_calibration.o
                0x080048a0                VL53L0X_perform_ref_calibration
 *fill*         0x08004a7c        0x4 
 .text.VL53L0X_perform_ref_spad_management
                0x08004a80      0x450 build/obj/vl53l0x_api_calibration.o
                0x08004a80                VL53L0X_perform_ref_spad_management
 .text.set_sequence_step_timeout.part.1
                0x08004ed0      0x154 build/obj/vl53l0x_api_core.o
 *fill*         0x08005024        0xc 
 .text.VL53L0X_measurement_poll_for_completion
                0x08005030       0x54 build/obj/vl53l0x_api_core.o
                0x08005030                VL53L0X_measurement_poll_for_completion
 *fill*         0x08005084        0xc 
 .text.VL53L0X_get_info_from_device
                0x08005090      0xa78 build/obj/vl53l0x_api_core.o
                0x08005090                VL53L0X_get_info_from_device
 *fill*         0x08005b08        0x8 
 .text.get_sequence_step_timeout
                0x08005b10      0x188 build/obj/vl53l0x_api_core.o
                0x08005b10                get_sequence_step_timeout
 *fill*         0x08005c98        0x8 
 .text.VL53L0X_set_vcsel_pulse_period
                0x08005ca0      0x464 build/obj/vl53l0x_api_core.o
                0x08005ca0                VL53L0X_set_vcsel_pulse_period
 *fill*         0x08006104        0xc 
 .text.VL53L0X_get_vcsel_pulse_period
                0x08006110       0x50 build/obj/vl53l0x_api_core.o
                0x08006110                VL53L0X_get_vcsel_pulse_period
 .text.VL53L0X_set_measurement_timing_budget_micro_seconds
                0x08006160      0x190 build/obj/vl53l0x_api_core.o
                0x08006160                VL53L0X_set_measurement_timing_budget_micro_seconds
 .text.VL53L0X_get_measurement_timing_budget_micro_seconds
                0x080062f0      0x18c build/obj/vl53l0x_api_core.o
                0x080062f0                VL53L0X_get_measurement_timing_budget_micro_seconds
 *fill*         0x0800647c        0x4 
 .text.VL53L0X_load_tuning_settings
                0x08006480      0x100 build/obj/vl53l0x_api_core.o
                0x08006480                VL53L0X_load_tuning_settings
 .text.VL53L0X_calc_dmax
                0x08006580      0x158 build/obj/vl53l0x_api_core.o
                0x08006580                VL53L0X_calc_dmax
 *fill*         0x080066d8        0x8 
 .text.VL53L0X_calc_sigma_estimate
                0x080066e0      0x370 build/obj/vl53l0x_api_core.o
                0x080066e0                VL53L0X_calc_sigma_estimate
 .text.VL53L0X_get_pal_range_status
                0x08006a50      0x270 build/obj/vl53l0x_api_core.o
                0x08006a50                VL53L0X_get_pal_range_status
 .text.VL53L0X_get_device_info
                0x08006cc0       0xd4 build/obj/vl53l0x_api_strings.o
                0x08006cc0                VL53L0X_get_device_info
 *fill*         0x08006d94        0xc 
 .text.VL53L0X_write_multi
                0x08006da0       0x88 build/obj/vl53l0x_i2c_platform.o
                0x08006da0                VL53L0X_write_multi
 *fill*         0x08006e28        0x8 
 .text.VL53L0X_read_multi
                0x08006e30       0x7c build/obj/vl53l0x_i2c_platform.o
                0x08006e30                VL53L0X_read_multi
 *fill*         0x08006eac        0x4 
 .text.VL53L0X_write_byte
                0x08006eb0       0x74 build/obj/vl53l0x_i2c_platform.o
                0x08006eb0                VL53L0X_write_byte
 *fill*         0x08006f24        0xc 
 .text.VL53L0X_write_word
                0x08006f30       0x7c build/obj/vl53l0x_i2c_platform.o
                0x08006f30                VL53L0X_write_word
 *fill*         0x08006fac        0x4 
 .text.VL53L0X_read_byte
                0x08006fb0       0x78 build/obj/vl53l0x_i2c_platform.o
                0x08006fb0                VL53L0X_read_byte
 *fill*         0x08007028        0x8 
 .text.VL53L0X_read_word
                0x08007030       0x84 build/obj/vl53l0x_i2c_platform.o
                0x08007030                VL53L0X_read_word
 *fill*         0x080070b4        0xc 
 .text.VL53L0X_read_dword
                0x080070c0       0x98 build/obj/vl53l0x_i2c_platform.o
                0x080070c0                VL53L0X_read_dword
 *fill*         0x08007158        0x8 
 .text.VL53L0X_WriteMulti
                0x08007160       0x3c build/obj/vl53l0x_platform.o
                0x08007160                VL53L0X_WriteMulti
 *fill*         0x0800719c        0x4 
 .text.VL53L0X_ReadMulti
                0x080071a0       0x3c build/obj/vl53l0x_platform.o
                0x080071a0                VL53L0X_ReadMulti
 *fill*         0x080071dc        0x4 
 .text.VL53L0X_WrByte
                0x080071e0       0x30 build/obj/vl53l0x_platform.o
                0x080071e0                VL53L0X_WrByte
 .text.VL53L0X_WrWord
                0x08007210       0x30 build/obj/vl53l0x_platform.o
                0x08007210                VL53L0X_WrWord
 .text.VL53L0X_UpdateByte
                0x08007240       0x58 build/obj/vl53l0x_platform.o
                0x08007240                VL53L0X_UpdateByte
 *fill*         0x08007298        0x8 
 .text.VL53L0X_RdByte
                0x080072a0       0x30 build/obj/vl53l0x_platform.o
                0x080072a0                VL53L0X_RdByte
 .text.VL53L0X_RdWord
                0x080072d0       0x30 build/obj/vl53l0x_platform.o
                0x080072d0                VL53L0X_RdWord
 .text.VL53L0X_RdDWord
                0x08007300       0x30 build/obj/vl53l0x_platform.o
                0x08007300                VL53L0X_RdDWord
 .text.VL53L0X_PollingDelay
                0x08007330       0x3c build/obj/vl53l0x_platform.o
                0x08007330                VL53L0X_PollingDelay
 *fill*         0x0800736c        0x4 
 .text.VL53L0X_configAccuracy
                0x08007370      0x160 build/obj/VL53L0X.o
                0x08007370                VL53L0X_configAccuracy
 .text.VL53L0XThd
                0x080074d0       0xec build/obj/VL53L0X.o
 *fill*         0x080075bc        0x4 
 .text.VL53L0X_start
                0x080075c0       0x4c build/obj/VL53L0X.o
                0x080075c0                VL53L0X_start
 *fill*         0x0800760c        0x4 
 .text.messagebus_init
                0x08007610       0x28 build/obj/messagebus.o
                0x08007610                messagebus_init
 *fill*         0x08007638        0x8 
 .text.messagebus_topic_init
                0x08007640       0x44 build/obj/messagebus.o
                0x08007640                messagebus_topic_init
 *fill*         0x08007684        0xc 
 .text.messagebus_advertise_topic
                0x08007690       0x58 build/obj/messagebus.o
                0x08007690                messagebus_advertise_topic
 *fill*         0x080076e8        0x8 
 .text.messagebus_topic_publish
                0x080076f0       0x78 build/obj/messagebus.o
                0x080076f0                messagebus_topic_publish
 *fill*         0x08007768        0x8 
 .text.__late_init
                0x08007770       0x20 build/obj/crt1.o
                0x08007770                __late_init
 .text.__default_exit
                0x08007790       0x10 build/obj/crt1.o
                0x08007790                __default_exit
 .text._unhandled_exception
                0x080077a0       0x1c build/obj/vectors.o
                0x080077a0                VectorAC
                0x080077a0                DebugMon_Handler
                0x080077a0                Vector1A0
                0x080077a0                Vector11C
                0x080077a0                HardFault_Handler
                0x080077a0                Vector1B8
                0x080077a0                Vector19C
                0x080077a0                PendSV_Handler
                0x080077a0                Vector168
                0x080077a0                NMI_Handler
                0x080077a0                Vector110
                0x080077a0                VectorC8
                0x080077a0                Vector160
                0x080077a0                Vector1B0
                0x080077a0                UsageFault_Handler
                0x080077a0                Vector40
                0x080077a0                VectorF8
                0x080077a0                Vector190
                0x080077a0                Vector148
                0x080077a0                Vector188
                0x080077a0                Vector198
                0x080077a0                VectorCC
                0x080077a0                Vector54
                0x080077a0                VectorD8
                0x080077a0                Vector24
                0x080077a0                Vector1AC
                0x080077a0                Vector1A4
                0x080077a0                VectorD0
                0x080077a0                Vector1B4
                0x080077a0                Vector140
                0x080077a0                Vector134
                0x080077a0                VectorF0
                0x080077a0                Vector13C
                0x080077a0                Vector100
                0x080077a0                VectorF4
                0x080077a0                VectorA0
                0x080077a0                VectorC4
                0x080077a0                Vector180
                0x080077a0                Vector114
                0x080077a0                Vector164
                0x080077a0                Vector1C
                0x080077a0                Vector1BC
                0x080077a0                Vector17C
                0x080077a0                Vector1A8
                0x080077a0                Vector16C
                0x080077a0                VectorD4
                0x080077a0                Vector144
                0x080077a0                Vector15C
                0x080077a0                _unhandled_exception
                0x080077a0                Vector184
                0x080077a0                Vector10C
                0x080077a0                BusFault_Handler
                0x080077a0                Vector50
                0x080077a0                Vector194
                0x080077a0                Vector28
                0x080077a0                Vector34
                0x080077a0                VectorA4
                0x080077a0                Vector20
                0x080077a0                Vector18C
                0x080077a0                Vector174
 *fill*         0x080077bc        0x4 
 .text._idle_thread
                0x080077c0       0x10 build/obj/chsys.o
 .text.chSysInit
                0x080077d0       0xd0 build/obj/chsys.o
                0x080077d0                chSysInit
 .text.chSysHalt
                0x080078a0       0x20 build/obj/chsys.o
                0x080078a0                chSysHalt
 .text.chSysTimerHandlerI
                0x080078c0       0xa0 build/obj/chsys.o
                0x080078c0                chSysTimerHandlerI
 .text.chSysPolledDelayX
                0x08007960       0x30 build/obj/chsys.o
                0x08007960                chSysPolledDelayX
 .text._dbg_check_enable
                0x08007990       0x48 build/obj/chdebug.o
                0x08007990                _dbg_check_enable
 *fill*         0x080079d8        0x8 
 .text._dbg_check_lock
                0x080079e0       0x3c build/obj/chdebug.o
                0x080079e0                _dbg_check_lock
 *fill*         0x08007a1c        0x4 
 .text._dbg_check_unlock
                0x08007a20       0x40 build/obj/chdebug.o
                0x08007a20                _dbg_check_unlock
 .text._dbg_check_lock_from_isr
                0x08007a60       0x3c build/obj/chdebug.o
                0x08007a60                _dbg_check_lock_from_isr
 *fill*         0x08007a9c        0x4 
 .text._dbg_check_unlock_from_isr
                0x08007aa0       0x40 build/obj/chdebug.o
                0x08007aa0                _dbg_check_unlock_from_isr
 .text._dbg_check_enter_isr
                0x08007ae0       0x4c build/obj/chdebug.o
                0x08007ae0                _dbg_check_enter_isr
 *fill*         0x08007b2c        0x4 
 .text._dbg_check_leave_isr
                0x08007b30       0x4c build/obj/chdebug.o
                0x08007b30                _dbg_check_leave_isr
 *fill*         0x08007b7c        0x4 
 .text.chDbgCheckClassI
                0x08007b80       0x4c build/obj/chdebug.o
                0x08007b80                chDbgCheckClassI
 *fill*         0x08007bcc        0x4 
 .text.chDbgCheckClassS
                0x08007bd0       0x48 build/obj/chdebug.o
                0x08007bd0                chDbgCheckClassS
 *fill*         0x08007c18        0x8 
 .text._dbg_trace_init
                0x08007c20       0x2c build/obj/chdebug.o
                0x08007c20                _dbg_trace_init
 *fill*         0x08007c4c        0x4 
 .text._dbg_trace
                0x08007c50       0x50 build/obj/chdebug.o
                0x08007c50                _dbg_trace
 .text._vt_init
                0x08007ca0       0x38 build/obj/chvt.o
                0x08007ca0                _vt_init
 *fill*         0x08007cd8        0x8 
 .text.chVTDoSetI
                0x08007ce0       0x74 build/obj/chvt.o
                0x08007ce0                chVTDoSetI
 *fill*         0x08007d54        0xc 
 .text.chVTDoResetI
                0x08007d60       0x68 build/obj/chvt.o
                0x08007d60                chVTDoResetI
 *fill*         0x08007dc8        0x8 
 .text.wakeup   0x08007dd0       0xb0 build/obj/chschd.o
 .text._scheduler_init
                0x08007e80       0x34 build/obj/chschd.o
                0x08007e80                _scheduler_init
 *fill*         0x08007eb4        0xc 
 .text.chSchReadyI
                0x08007ec0       0x68 build/obj/chschd.o
                0x08007ec0                chSchReadyI
 *fill*         0x08007f28        0x8 
 .text.chSchGoSleepS
                0x08007f30       0x74 build/obj/chschd.o
                0x08007f30                chSchGoSleepS
 *fill*         0x08007fa4        0xc 
 .text.chSchGoSleepTimeoutS
                0x08007fb0       0xec build/obj/chschd.o
                0x08007fb0                chSchGoSleepTimeoutS
 *fill*         0x0800809c        0x4 
 .text.chSchWakeupS
                0x080080a0       0xec build/obj/chschd.o
                0x080080a0                chSchWakeupS
 *fill*         0x0800818c        0x4 
 .text.chSchRescheduleS
                0x08008190       0x9c build/obj/chschd.o
                0x08008190                chSchRescheduleS
 *fill*         0x0800822c        0x4 
 .text.chSchIsPreemptionRequired
                0x08008230       0x44 build/obj/chschd.o
                0x08008230                chSchIsPreemptionRequired
 *fill*         0x08008274        0xc 
 .text.chSchDoReschedule
                0x08008280       0xc8 build/obj/chschd.o
                0x08008280                chSchDoReschedule
 *fill*         0x08008348        0x8 
 .text._thread_init
                0x08008350       0x74 build/obj/chthreads.o
                0x08008350                _thread_init
 *fill*         0x080083c4        0xc 
 .text._thread_memfill
                0x080083d0       0x3c build/obj/chthreads.o
                0x080083d0                _thread_memfill
 *fill*         0x0800840c        0x4 
 .text.chThdCreateI
                0x08008410       0xc0 build/obj/chthreads.o
                0x08008410                chThdCreateI
 .text.chThdCreateStatic
                0x080084d0      0x124 build/obj/chthreads.o
                0x080084d0                chThdCreateStatic
 *fill*         0x080085f4        0xc 
 .text.chThdSleep
                0x08008600       0x74 build/obj/chthreads.o
                0x08008600                chThdSleep
 *fill*         0x08008674        0xc 
 .text.chThdExit
                0x08008680       0x78 build/obj/chthreads.o
                0x08008680                chThdExit
 *fill*         0x080086f8        0x8 
 .text.chThdSuspendS
                0x08008700       0x44 build/obj/chthreads.o
                0x08008700                chThdSuspendS
 *fill*         0x08008744        0xc 
 .text.chThdSuspendTimeoutS
                0x08008750       0x58 build/obj/chthreads.o
                0x08008750                chThdSuspendTimeoutS
 *fill*         0x080087a8        0x8 
 .text.chThdResumeI
                0x080087b0       0x54 build/obj/chthreads.o
                0x080087b0                chThdResumeI
 *fill*         0x08008804        0xc 
 .text.chThdEnqueueTimeoutS
                0x08008810       0x4c build/obj/chthreads.o
                0x08008810                chThdEnqueueTimeoutS
 *fill*         0x0800885c        0x4 
 .text.chThdDequeueNextI
                0x08008860       0x54 build/obj/chthreads.o
                0x08008860                chThdDequeueNextI
 *fill*         0x080088b4        0xc 
 .text.chThdDequeueAllI
                0x080088c0       0x5c build/obj/chthreads.o
                0x080088c0                chThdDequeueAllI
 *fill*         0x0800891c        0x4 
 .text.chTMObjectInit
                0x08008920       0x34 build/obj/chtm.o
                0x08008920                chTMObjectInit
 *fill*         0x08008954        0xc 
 .text.chTMStartMeasurementX
                0x08008960       0x2c build/obj/chtm.o
                0x08008960                chTMStartMeasurementX
 *fill*         0x0800898c        0x4 
 .text.chTMStopMeasurementX
                0x08008990       0x60 build/obj/chtm.o
                0x08008990                chTMStopMeasurementX
 .text._tm_init
                0x080089f0       0x50 build/obj/chtm.o
                0x080089f0                _tm_init
 .text.chTMChainMeasurementToX
                0x08008a40       0x5c build/obj/chtm.o
                0x08008a40                chTMChainMeasurementToX
 *fill*         0x08008a9c        0x4 
 .text._stats_init
                0x08008aa0       0x40 build/obj/chstats.o
                0x08008aa0                _stats_init
 .text._stats_increase_irq
                0x08008ae0       0x30 build/obj/chstats.o
                0x08008ae0                _stats_increase_irq
 .text._stats_ctxswc
                0x08008b10       0x40 build/obj/chstats.o
                0x08008b10                _stats_ctxswc
 .text._stats_start_measure_crit_thd
                0x08008b50       0x2c build/obj/chstats.o
                0x08008b50                _stats_start_measure_crit_thd
 *fill*         0x08008b7c        0x4 
 .text._stats_stop_measure_crit_thd
                0x08008b80       0x2c build/obj/chstats.o
                0x08008b80                _stats_stop_measure_crit_thd
 *fill*         0x08008bac        0x4 
 .text._stats_start_measure_crit_isr
                0x08008bb0       0x2c build/obj/chstats.o
                0x08008bb0                _stats_start_measure_crit_isr
 *fill*         0x08008bdc        0x4 
 .text._stats_stop_measure_crit_isr
                0x08008be0       0x2c build/obj/chstats.o
                0x08008be0                _stats_stop_measure_crit_isr
 *fill*         0x08008c0c        0x4 
 .text.chSemWait
                0x08008c10       0xbc build/obj/chsem.o
                0x08008c10                chSemWait
 *fill*         0x08008ccc        0x4 
 .text.chSemSignalI
                0x08008cd0       0x7c build/obj/chsem.o
                0x08008cd0                chSemSignalI
 *fill*         0x08008d4c        0x4 
 .text.chMtxObjectInit
                0x08008d50       0x38 build/obj/chmtx.o
                0x08008d50                chMtxObjectInit
 *fill*         0x08008d88        0x8 
 .text.chMtxLock
                0x08008d90      0x1bc build/obj/chmtx.o
                0x08008d90                chMtxLock
 *fill*         0x08008f4c        0x4 
 .text.chMtxLockS
                0x08008f50      0x184 build/obj/chmtx.o
                0x08008f50                chMtxLockS
 *fill*         0x080090d4        0xc 
 .text.chMtxUnlock
                0x080090e0      0x10c build/obj/chmtx.o
                0x080090e0                chMtxUnlock
 *fill*         0x080091ec        0x4 
 .text.chMtxUnlockS
                0x080091f0       0xe4 build/obj/chmtx.o
                0x080091f0                chMtxUnlockS
 *fill*         0x080092d4        0xc 
 .text.chCondBroadcast
                0x080092e0       0x90 build/obj/chcond.o
                0x080092e0                chCondBroadcast
 .text.chCondBroadcastI
                0x08009370       0x50 build/obj/chcond.o
                0x08009370                chCondBroadcastI
 .text.chCondWait
                0x080093c0       0xc8 build/obj/chcond.o
                0x080093c0                chCondWait
 *fill*         0x08009488        0x8 
 .text.chEvtBroadcastFlagsI
                0x08009490      0x110 build/obj/chevents.o
                0x08009490                chEvtBroadcastFlagsI
 .text.chIQObjectInit
                0x080095a0       0x38 build/obj/chqueues.o
                0x080095a0                chIQObjectInit
 *fill*         0x080095d8        0x8 
 .text.chIQResetI
                0x080095e0       0x3c build/obj/chqueues.o
                0x080095e0                chIQResetI
 *fill*         0x0800961c        0x4 
 .text.chIQPutI
                0x08009620       0x60 build/obj/chqueues.o
                0x08009620                chIQPutI
 .text.chIQGetTimeout
                0x08009680       0x9c build/obj/chqueues.o
                0x08009680                chIQGetTimeout
 *fill*         0x0800971c        0x4 
 .text.chIQReadTimeout
                0x08009720      0x100 build/obj/chqueues.o
                0x08009720                chIQReadTimeout
 .text.chOQObjectInit
                0x08009820       0x34 build/obj/chqueues.o
                0x08009820                chOQObjectInit
 *fill*         0x08009854        0xc 
 .text.chOQResetI
                0x08009860       0x3c build/obj/chqueues.o
                0x08009860                chOQResetI
 *fill*         0x0800989c        0x4 
 .text.chOQPutTimeout
                0x080098a0       0xcc build/obj/chqueues.o
                0x080098a0                chOQPutTimeout
 *fill*         0x0800996c        0x4 
 .text.chOQGetI
                0x08009970       0x5c build/obj/chqueues.o
                0x08009970                chOQGetI
 *fill*         0x080099cc        0x4 
 .text.chOQWriteTimeout
                0x080099d0      0x188 build/obj/chqueues.o
                0x080099d0                chOQWriteTimeout
 *fill*         0x08009b58        0x8 
 .text._core_init
                0x08009b60       0x44 build/obj/chmemcore.o
                0x08009b60                _core_init
 *fill*         0x08009ba4        0xc 
 .text.chCoreAlloc
                0x08009bb0       0x88 build/obj/chmemcore.o
                0x08009bb0                chCoreAlloc
 *fill*         0x08009c38        0x8 
 .text._heap_init
                0x08009c40       0x3c build/obj/chheap.o
                0x08009c40                _heap_init
 *fill*         0x08009c7c        0x4 
 .text.SVC_Handler
                0x08009c80       0x40 build/obj/chcore_v7m.o
                0x08009c80                SVC_Handler
 .text._port_irq_epilogue
                0x08009cc0       0x7c build/obj/chcore_v7m.o
                0x08009cc0                _port_irq_epilogue
 *fill*         0x08009d3c        0x4 
 .text.halInit  0x08009d40       0x6c build/obj/hal.o
                0x08009d40                halInit
 *fill*         0x08009dac        0x4 
 .text._mmcsd_get_slice
                0x08009db0       0x74 build/obj/hal_mmcsd.o
                0x08009db0                _mmcsd_get_slice
 *fill*         0x08009e24        0xc 
 .text._mmcsd_get_capacity
                0x08009e30       0x70 build/obj/hal_mmcsd.o
                0x08009e30                _mmcsd_get_capacity
 .text._mmcsd_get_capacity_ext
                0x08009ea0       0x4c build/obj/hal_mmcsd.o
                0x08009ea0                _mmcsd_get_capacity_ext
 *fill*         0x08009eec        0x4 
 .text.adcInit  0x08009ef0       0x24 build/obj/adc.o
                0x08009ef0                adcInit
 *fill*         0x08009f14        0xc 
 .text.adcObjectInit
                0x08009f20       0x38 build/obj/adc.o
                0x08009f20                adcObjectInit
 *fill*         0x08009f58        0x8 
 .text.adcStart
                0x08009f60       0x88 build/obj/adc.o
                0x08009f60                adcStart
 *fill*         0x08009fe8        0x8 
 .text.adcStartConversion
                0x08009ff0       0xac build/obj/adc.o
                0x08009ff0                adcStartConversion
 *fill*         0x0800a09c        0x4 
 .text.adcAcquireBus
                0x0800a0a0       0x38 build/obj/adc.o
                0x0800a0a0                adcAcquireBus
 *fill*         0x0800a0d8        0x8 
 .text.canInit  0x0800a0e0       0x24 build/obj/can.o
                0x0800a0e0                canInit
 *fill*         0x0800a104        0xc 
 .text.canObjectInit
                0x0800a110       0x54 build/obj/can.o
                0x0800a110                canObjectInit
 *fill*         0x0800a164        0xc 
 .text.dacInit  0x0800a170       0x24 build/obj/dac.o
                0x0800a170                dacInit
 *fill*         0x0800a194        0xc 
 .text.dacObjectInit
                0x0800a1a0       0x30 build/obj/dac.o
                0x0800a1a0                dacObjectInit
 .text.extInit  0x0800a1d0       0x24 build/obj/ext.o
                0x0800a1d0                extInit
 *fill*         0x0800a1f4        0xc 
 .text.extObjectInit
                0x0800a200       0x28 build/obj/ext.o
                0x0800a200                extObjectInit
 *fill*         0x0800a228        0x8 
 .text.gptInit  0x0800a230       0x24 build/obj/gpt.o
                0x0800a230                gptInit
 *fill*         0x0800a254        0xc 
 .text.gptObjectInit
                0x0800a260       0x28 build/obj/gpt.o
                0x0800a260                gptObjectInit
 *fill*         0x0800a288        0x8 
 .text.i2cInit  0x0800a290       0x24 build/obj/i2c.o
                0x0800a290                i2cInit
 *fill*         0x0800a2b4        0xc 
 .text.i2cObjectInit
                0x0800a2c0       0x30 build/obj/i2c.o
                0x0800a2c0                i2cObjectInit
 .text.i2cStart
                0x0800a2f0       0x90 build/obj/i2c.o
                0x0800a2f0                i2cStart
 .text.i2cStop  0x0800a380       0x88 build/obj/i2c.o
                0x0800a380                i2cStop
 *fill*         0x0800a408        0x8 
 .text.i2cGetErrors
                0x0800a410       0x30 build/obj/i2c.o
                0x0800a410                i2cGetErrors
 .text.i2cMasterTransmitTimeout
                0x0800a440       0xd8 build/obj/i2c.o
                0x0800a440                i2cMasterTransmitTimeout
 *fill*         0x0800a518        0x8 
 .text.i2cAcquireBus
                0x0800a520       0x38 build/obj/i2c.o
                0x0800a520                i2cAcquireBus
 *fill*         0x0800a558        0x8 
 .text.i2cReleaseBus
                0x0800a560       0x38 build/obj/i2c.o
                0x0800a560                i2cReleaseBus
 *fill*         0x0800a598        0x8 
 .text.i2sInit  0x0800a5a0       0x24 build/obj/i2s.o
                0x0800a5a0                i2sInit
 *fill*         0x0800a5c4        0xc 
 .text.i2sObjectInit
                0x0800a5d0       0x28 build/obj/i2s.o
                0x0800a5d0                i2sObjectInit
 *fill*         0x0800a5f8        0x8 
 .text.pwmInit  0x0800a600       0x24 build/obj/pwm.o
                0x0800a600                pwmInit
 *fill*         0x0800a624        0xc 
 .text.pwmObjectInit
                0x0800a630       0x2c build/obj/pwm.o
                0x0800a630                pwmObjectInit
 *fill*         0x0800a65c        0x4 
 .text.pwmStart
                0x0800a660       0x98 build/obj/pwm.o
                0x0800a660                pwmStart
 *fill*         0x0800a6f8        0x8 
 .text.pwmEnableChannel
                0x0800a700       0x98 build/obj/pwm.o
                0x0800a700                pwmEnableChannel
 *fill*         0x0800a798        0x8 
 .text.pwmDisableChannel
                0x0800a7a0       0x94 build/obj/pwm.o
                0x0800a7a0                pwmDisableChannel
 *fill*         0x0800a834        0xc 
 .text.pwmEnablePeriodicNotification
                0x0800a840       0x8c build/obj/pwm.o
                0x0800a840                pwmEnablePeriodicNotification
 *fill*         0x0800a8cc        0x4 
 .text.pwmEnableChannelNotification
                0x0800a8d0       0xb8 build/obj/pwm.o
                0x0800a8d0                pwmEnableChannelNotification
 *fill*         0x0800a988        0x8 
 .text.sdcGetInfo
                0x0800a990       0x4c build/obj/sdc.o
                0x0800a990                sdcGetInfo
 *fill*         0x0800a9dc        0x4 
 .text.sdcConnect
                0x0800a9e0      0x3bc build/obj/sdc.o
                0x0800a9e0                sdcConnect
 *fill*         0x0800ad9c        0x4 
 .text.sdcRead  0x0800ada0       0x74 build/obj/sdc.o
                0x0800ada0                sdcRead
 *fill*         0x0800ae14        0xc 
 .text.sdcWrite
                0x0800ae20       0x74 build/obj/sdc.o
                0x0800ae20                sdcWrite
 *fill*         0x0800ae94        0xc 
 .text.sdcSync  0x0800aea0       0x44 build/obj/sdc.o
                0x0800aea0                sdcSync
 *fill*         0x0800aee4        0xc 
 .text.sdcDisconnect
                0x0800aef0      0x100 build/obj/sdc.o
                0x0800aef0                sdcDisconnect
 .text._sdc_wait_for_transfer_state
                0x0800aff0       0x54 build/obj/sdc.o
                0x0800aff0                _sdc_wait_for_transfer_state
 *fill*         0x0800b044        0xc 
 .text.sdcInit  0x0800b050       0x24 build/obj/sdc.o
                0x0800b050                sdcInit
 *fill*         0x0800b074        0xc 
 .text.sdcObjectInit
                0x0800b080       0x34 build/obj/sdc.o
                0x0800b080                sdcObjectInit
 *fill*         0x0800b0b4        0xc 
 .text.readt    0x0800b0c0       0x28 build/obj/serial.o
 *fill*         0x0800b0e8        0x8 
 .text.read     0x0800b0f0       0x2c build/obj/serial.o
 *fill*         0x0800b11c        0x4 
 .text.writet   0x0800b120       0x28 build/obj/serial.o
 *fill*         0x0800b148        0x8 
 .text.write    0x0800b150       0x2c build/obj/serial.o
 *fill*         0x0800b17c        0x4 
 .text.gett     0x0800b180       0x28 build/obj/serial.o
 *fill*         0x0800b1a8        0x8 
 .text.get      0x0800b1b0       0x2c build/obj/serial.o
 *fill*         0x0800b1dc        0x4 
 .text.putt     0x0800b1e0       0x28 build/obj/serial.o
 *fill*         0x0800b208        0x8 
 .text.put      0x0800b210       0x2c build/obj/serial.o
 *fill*         0x0800b23c        0x4 
 .text.sdInit   0x0800b240       0x24 build/obj/serial.o
                0x0800b240                sdInit
 *fill*         0x0800b264        0xc 
 .text.sdObjectInit
                0x0800b270       0x5c build/obj/serial.o
                0x0800b270                sdObjectInit
 *fill*         0x0800b2cc        0x4 
 .text.sdStart  0x0800b2d0       0x88 build/obj/serial.o
                0x0800b2d0                sdStart
 *fill*         0x0800b358        0x8 
 .text.sdIncomingDataI
                0x0800b360       0x68 build/obj/serial.o
                0x0800b360                sdIncomingDataI
 *fill*         0x0800b3c8        0x8 
 .text.inotify  0x0800b3d0       0xc8 build/obj/serial_usb.o
 *fill*         0x0800b498        0x8 
 .text.readt    0x0800b4a0       0x28 build/obj/serial_usb.o
 *fill*         0x0800b4c8        0x8 
 .text.read     0x0800b4d0       0x2c build/obj/serial_usb.o
 *fill*         0x0800b4fc        0x4 
 .text.writet   0x0800b500       0x28 build/obj/serial_usb.o
 *fill*         0x0800b528        0x8 
 .text.write    0x0800b530       0x2c build/obj/serial_usb.o
 *fill*         0x0800b55c        0x4 
 .text.gett     0x0800b560       0x28 build/obj/serial_usb.o
 *fill*         0x0800b588        0x8 
 .text.get      0x0800b590       0x2c build/obj/serial_usb.o
 *fill*         0x0800b5bc        0x4 
 .text.putt     0x0800b5c0       0x28 build/obj/serial_usb.o
 *fill*         0x0800b5e8        0x8 
 .text.put      0x0800b5f0       0x2c build/obj/serial_usb.o
 *fill*         0x0800b61c        0x4 
 .text.onotify  0x0800b620       0xb8 build/obj/serial_usb.o
 *fill*         0x0800b6d8        0x8 
 .text.sduInit  0x0800b6e0       0x20 build/obj/serial_usb.o
                0x0800b6e0                sduInit
 .text.sduObjectInit
                0x0800b700       0x60 build/obj/serial_usb.o
                0x0800b700                sduObjectInit
 .text.sduStart
                0x0800b760       0xa4 build/obj/serial_usb.o
                0x0800b760                sduStart
 *fill*         0x0800b804        0xc 
 .text.sduConfigureHookI
                0x0800b810       0x64 build/obj/serial_usb.o
                0x0800b810                sduConfigureHookI
 *fill*         0x0800b874        0xc 
 .text.sduRequestsHook
                0x0800b880       0x60 build/obj/serial_usb.o
                0x0800b880                sduRequestsHook
 .text.sduDataTransmitted
                0x0800b8e0       0xb8 build/obj/serial_usb.o
                0x0800b8e0                sduDataTransmitted
 *fill*         0x0800b998        0x8 
 .text.sduDataReceived
                0x0800b9a0       0xac build/obj/serial_usb.o
                0x0800b9a0                sduDataReceived
 *fill*         0x0800ba4c        0x4 
 .text.sduInterruptTransmitted
                0x0800ba50       0x20 build/obj/serial_usb.o
                0x0800ba50                sduInterruptTransmitted
 .text.spiInit  0x0800ba70       0x24 build/obj/spi.o
                0x0800ba70                spiInit
 *fill*         0x0800ba94        0xc 
 .text.spiObjectInit
                0x0800baa0       0x30 build/obj/spi.o
                0x0800baa0                spiObjectInit
 .text.stInit   0x0800bad0       0x24 build/obj/st.o
                0x0800bad0                stInit
 *fill*         0x0800baf4        0xc 
 .text.usbInit  0x0800bb00       0x24 build/obj/usb.o
                0x0800bb00                usbInit
 *fill*         0x0800bb24        0xc 
 .text.usbObjectInit
                0x0800bb30       0x38 build/obj/usb.o
                0x0800bb30                usbObjectInit
 *fill*         0x0800bb68        0x8 
 .text.usbStart
                0x0800bb70       0x94 build/obj/usb.o
                0x0800bb70                usbStart
 *fill*         0x0800bc04        0xc 
 .text.usbInitEndpointI
                0x0800bc10       0x84 build/obj/usb.o
                0x0800bc10                usbInitEndpointI
 *fill*         0x0800bc94        0xc 
 .text.usbPrepareQueuedReceive
                0x0800bca0       0x3c build/obj/usb.o
                0x0800bca0                usbPrepareQueuedReceive
 *fill*         0x0800bcdc        0x4 
 .text.usbPrepareQueuedTransmit
                0x0800bce0       0x3c build/obj/usb.o
                0x0800bce0                usbPrepareQueuedTransmit
 *fill*         0x0800bd1c        0x4 
 .text.usbStartReceiveI
                0x0800bd20       0x54 build/obj/usb.o
                0x0800bd20                usbStartReceiveI
 *fill*         0x0800bd74        0xc 
 .text.usbStartTransmitI
                0x0800bd80       0x54 build/obj/usb.o
                0x0800bd80                usbStartTransmitI
 *fill*         0x0800bdd4        0xc 
 .text._usb_reset
                0x0800bde0       0x3c build/obj/usb.o
                0x0800bde0                _usb_reset
 *fill*         0x0800be1c        0x4 
 .text._usb_ep0setup
                0x0800be20      0x354 build/obj/usb.o
                0x0800be20                _usb_ep0setup
 *fill*         0x0800c174        0xc 
 .text._usb_ep0in
                0x0800c180      0x144 build/obj/usb.o
                0x0800c180                _usb_ep0in
 *fill*         0x0800c2c4        0xc 
 .text._usb_ep0out
                0x0800c2d0       0xdc build/obj/usb.o
                0x0800c2d0                _usb_ep0out
 *fill*         0x0800c3ac        0x4 
 .text.nvicEnableVector
                0x0800c3b0       0x4c build/obj/nvic.o
                0x0800c3b0                nvicEnableVector
 *fill*         0x0800c3fc        0x4 
 .text.nvicDisableVector
                0x0800c400       0x3c build/obj/nvic.o
                0x0800c400                nvicDisableVector
 *fill*         0x0800c43c        0x4 
 .text.nvicSetSystemHandlerPriority
                0x0800c440       0x40 build/obj/nvic.o
                0x0800c440                nvicSetSystemHandlerPriority
 .text.Vector6C
                0x0800c480       0x4c build/obj/stm32_dma.o
                0x0800c480                Vector6C
 *fill*         0x0800c4cc        0x4 
 .text.Vector70
                0x0800c4d0       0x50 build/obj/stm32_dma.o
                0x0800c4d0                Vector70
 .text.Vector74
                0x0800c520       0x50 build/obj/stm32_dma.o
                0x0800c520                Vector74
 .text.Vector78
                0x0800c570       0x50 build/obj/stm32_dma.o
                0x0800c570                Vector78
 .text.Vector7C
                0x0800c5c0       0x4c build/obj/stm32_dma.o
                0x0800c5c0                Vector7C
 *fill*         0x0800c60c        0x4 
 .text.Vector80
                0x0800c610       0x50 build/obj/stm32_dma.o
                0x0800c610                Vector80
 .text.Vector84
                0x0800c660       0x50 build/obj/stm32_dma.o
                0x0800c660                Vector84
 .text.VectorFC
                0x0800c6b0       0x50 build/obj/stm32_dma.o
                0x0800c6b0                VectorFC
 .text.Vector120
                0x0800c700       0x4c build/obj/stm32_dma.o
                0x0800c700                Vector120
 *fill*         0x0800c74c        0x4 
 .text.Vector124
                0x0800c750       0x50 build/obj/stm32_dma.o
                0x0800c750                Vector124
 .text.Vector128
                0x0800c7a0       0x50 build/obj/stm32_dma.o
                0x0800c7a0                Vector128
 .text.Vector12C
                0x0800c7f0       0x50 build/obj/stm32_dma.o
                0x0800c7f0                Vector12C
 .text.Vector130
                0x0800c840       0x4c build/obj/stm32_dma.o
                0x0800c840                Vector130
 *fill*         0x0800c88c        0x4 
 .text.Vector150
                0x0800c890       0x50 build/obj/stm32_dma.o
                0x0800c890                Vector150
 .text.Vector154
                0x0800c8e0       0x50 build/obj/stm32_dma.o
                0x0800c8e0                Vector154
 .text.Vector158
                0x0800c930       0x50 build/obj/stm32_dma.o
                0x0800c930                Vector158
 .text.dmaInit  0x0800c980       0xac build/obj/stm32_dma.o
                0x0800c980                dmaInit
 *fill*         0x0800ca2c        0x4 
 .text.dmaStreamAllocate
                0x0800ca30       0xcc build/obj/stm32_dma.o
                0x0800ca30                dmaStreamAllocate
 *fill*         0x0800cafc        0x4 
 .text.dmaStreamRelease
                0x0800cb00       0x80 build/obj/stm32_dma.o
                0x0800cb00                dmaStreamRelease
 .text.hal_lld_init
                0x0800cb80       0x80 build/obj/hal_lld.o
                0x0800cb80                hal_lld_init
 .text.stm32_clock_init
                0x0800cc00       0xf8 build/obj/hal_lld.o
                0x0800cc00                stm32_clock_init
 *fill*         0x0800ccf8        0x8 
 .text.adc_lld_serve_rx_interrupt
                0x0800cd00      0x184 build/obj/adc_lld.o
 *fill*         0x0800ce84        0xc 
 .text.Vector88
                0x0800ce90      0x1fc build/obj/adc_lld.o
                0x0800ce90                Vector88
 *fill*         0x0800d08c        0x4 
 .text.adc_lld_init
                0x0800d090       0x98 build/obj/adc_lld.o
                0x0800d090                adc_lld_init
 *fill*         0x0800d128        0x8 
 .text.adc_lld_start
                0x0800d130      0x100 build/obj/adc_lld.o
                0x0800d130                adc_lld_start
 .text.adc_lld_start_conversion
                0x0800d230       0xbc build/obj/adc_lld.o
                0x0800d230                adc_lld_start_conversion
 *fill*         0x0800d2ec        0x4 
 .text.Vector58
                0x0800d2f0       0x48 build/obj/ext_lld_isr.o
                0x0800d2f0                Vector58
 *fill*         0x0800d338        0x8 
 .text.Vector5C
                0x0800d340       0x48 build/obj/ext_lld_isr.o
                0x0800d340                Vector5C
 *fill*         0x0800d388        0x8 
 .text.Vector60
                0x0800d390       0x48 build/obj/ext_lld_isr.o
                0x0800d390                Vector60
 *fill*         0x0800d3d8        0x8 
 .text.Vector64
                0x0800d3e0       0x48 build/obj/ext_lld_isr.o
                0x0800d3e0                Vector64
 *fill*         0x0800d428        0x8 
 .text.Vector68
                0x0800d430       0x48 build/obj/ext_lld_isr.o
                0x0800d430                Vector68
 *fill*         0x0800d478        0x8 
 .text.Vector9C
                0x0800d480       0x88 build/obj/ext_lld_isr.o
                0x0800d480                Vector9C
 *fill*         0x0800d508        0x8 
 .text.VectorE0
                0x0800d510       0x98 build/obj/ext_lld_isr.o
                0x0800d510                VectorE0
 *fill*         0x0800d5a8        0x8 
 .text.Vector44
                0x0800d5b0       0x4c build/obj/ext_lld_isr.o
                0x0800d5b0                Vector44
 *fill*         0x0800d5fc        0x4 
 .text.VectorE4
                0x0800d600       0x4c build/obj/ext_lld_isr.o
                0x0800d600                VectorE4
 *fill*         0x0800d64c        0x4 
 .text.VectorE8
                0x0800d650       0x4c build/obj/ext_lld_isr.o
                0x0800d650                VectorE8
 *fill*         0x0800d69c        0x4 
 .text.Vector138
                0x0800d6a0       0x4c build/obj/ext_lld_isr.o
                0x0800d6a0                Vector138
 *fill*         0x0800d6ec        0x4 
 .text.Vector170
                0x0800d6f0       0x4c build/obj/ext_lld_isr.o
                0x0800d6f0                Vector170
 *fill*         0x0800d73c        0x4 
 .text.Vector48
                0x0800d740       0x4c build/obj/ext_lld_isr.o
                0x0800d740                Vector48
 *fill*         0x0800d78c        0x4 
 .text.Vector4C
                0x0800d790       0x4c build/obj/ext_lld_isr.o
                0x0800d790                Vector4C
 *fill*         0x0800d7dc        0x4 
 .text.Vector8C
                0x0800d7e0       0x70 build/obj/can_lld.o
                0x0800d7e0                Vector8C
 .text.Vector90
                0x0800d850       0xac build/obj/can_lld.o
                0x0800d850                Vector90
 *fill*         0x0800d8fc        0x4 
 .text.Vector94
                0x0800d900       0xac build/obj/can_lld.o
                0x0800d900                Vector94
 *fill*         0x0800d9ac        0x4 
 .text.Vector98
                0x0800d9b0       0xc0 build/obj/can_lld.o
                0x0800d9b0                Vector98
 .text.can_lld_init
                0x0800da70       0x90 build/obj/can_lld.o
                0x0800da70                can_lld_init
 .text.ext_lld_init
                0x0800db00       0x2c build/obj/ext_lld.o
                0x0800db00                ext_lld_init
 *fill*         0x0800db2c        0x4 
 .text.sdc_lld_wait_transaction_end
                0x0800db30      0x144 build/obj/sdc_lld.o
 *fill*         0x0800dc74        0xc 
 .text.Vector104
                0x0800dc80       0x60 build/obj/sdc_lld.o
                0x0800dc80                Vector104
 .text.sdc_lld_init
                0x0800dce0       0x40 build/obj/sdc_lld.o
                0x0800dce0                sdc_lld_init
 .text.sdc_lld_start_clk
                0x0800dd20       0x40 build/obj/sdc_lld.o
                0x0800dd20                sdc_lld_start_clk
 .text.sdc_lld_set_data_clk
                0x0800dd60       0x2c build/obj/sdc_lld.o
                0x0800dd60                sdc_lld_set_data_clk
 *fill*         0x0800dd8c        0x4 
 .text.sdc_lld_stop_clk
                0x0800dd90       0x2c build/obj/sdc_lld.o
                0x0800dd90                sdc_lld_stop_clk
 *fill*         0x0800ddbc        0x4 
 .text.sdc_lld_set_bus_mode
                0x0800ddc0       0x44 build/obj/sdc_lld.o
                0x0800ddc0                sdc_lld_set_bus_mode
 *fill*         0x0800de04        0xc 
 .text.sdc_lld_send_cmd_none
                0x0800de10       0x38 build/obj/sdc_lld.o
                0x0800de10                sdc_lld_send_cmd_none
 *fill*         0x0800de48        0x8 
 .text.sdc_lld_send_cmd_short
                0x0800de50       0x80 build/obj/sdc_lld.o
                0x0800de50                sdc_lld_send_cmd_short
 .text.sdc_lld_send_cmd_short_crc
                0x0800ded0       0x84 build/obj/sdc_lld.o
                0x0800ded0                sdc_lld_send_cmd_short_crc
 *fill*         0x0800df54        0xc 
 .text.sdc_lld_send_cmd_long_crc
                0x0800df60       0x94 build/obj/sdc_lld.o
                0x0800df60                sdc_lld_send_cmd_long_crc
 *fill*         0x0800dff4        0xc 
 .text.sdc_lld_read_special
                0x0800e000      0x190 build/obj/sdc_lld.o
                0x0800e000                sdc_lld_read_special
 .text.sdc_lld_read
                0x0800e190      0x3b0 build/obj/sdc_lld.o
                0x0800e190                sdc_lld_read
 .text.sdc_lld_write
                0x0800e540      0x3bc build/obj/sdc_lld.o
                0x0800e540                sdc_lld_write
 *fill*         0x0800e8fc        0x4 
 .text.sdc_lld_sync
                0x0800e900       0x24 build/obj/sdc_lld.o
                0x0800e900                sdc_lld_sync
 *fill*         0x0800e924        0xc 
 .text.dac_lld_init
                0x0800e930       0x34 build/obj/dac_lld.o
                0x0800e930                dac_lld_init
 *fill*         0x0800e964        0xc 
 .text._pal_lld_init
                0x0800e970      0x1d0 build/obj/pal_lld.o
                0x0800e970                _pal_lld_init
 .text._pal_lld_setgroupmode
                0x0800eb40       0xbc build/obj/pal_lld.o
                0x0800eb40                _pal_lld_setgroupmode
 *fill*         0x0800ebfc        0x4 
 .text.i2c_lld_serve_tx_end_irq
                0x0800ec00       0x5c build/obj/i2c_lld.o
 *fill*         0x0800ec5c        0x4 
 .text.i2c_lld_serve_rx_end_irq
                0x0800ec60       0x94 build/obj/i2c_lld.o
 *fill*         0x0800ecf4        0xc 
 .text.VectorBC
                0x0800ed00      0x134 build/obj/i2c_lld.o
                0x0800ed00                VectorBC
 *fill*         0x0800ee34        0xc 
 .text.VectorC0
                0x0800ee40      0x120 build/obj/i2c_lld.o
                0x0800ee40                VectorC0
 .text.i2c_lld_init
                0x0800ef60       0x44 build/obj/i2c_lld.o
                0x0800ef60                i2c_lld_init
 *fill*         0x0800efa4        0xc 
 .text.i2c_lld_start
                0x0800efb0      0x278 build/obj/i2c_lld.o
                0x0800efb0                i2c_lld_start
 *fill*         0x0800f228        0x8 
 .text.i2c_lld_stop
                0x0800f230       0xa8 build/obj/i2c_lld.o
                0x0800f230                i2c_lld_stop
 *fill*         0x0800f2d8        0x8 
 .text.i2c_lld_master_transmit_timeout
                0x0800f2e0      0x124 build/obj/i2c_lld.o
                0x0800f2e0                i2c_lld_master_transmit_timeout
 *fill*         0x0800f404        0xc 
 .text.usb_lld_pump
                0x0800f410      0x524 build/obj/usb_lld.o
                0x0800f410                usb_lld_pump
 *fill*         0x0800f934        0xc 
 .text.Vector14C
                0x0800f940      0x76c build/obj/usb_lld.o
                0x0800f940                Vector14C
 *fill*         0x080100ac        0x4 
 .text.usb_lld_init
                0x080100b0       0x5c build/obj/usb_lld.o
                0x080100b0                usb_lld_init
 *fill*         0x0801010c        0x4 
 .text.usb_lld_start
                0x08010110      0x180 build/obj/usb_lld.o
                0x08010110                usb_lld_start
 .text.usb_lld_reset
                0x08010290      0x24c build/obj/usb_lld.o
                0x08010290                usb_lld_reset
 *fill*         0x080104dc        0x4 
 .text.usb_lld_set_address
                0x080104e0       0x38 build/obj/usb_lld.o
                0x080104e0                usb_lld_set_address
 *fill*         0x08010518        0x8 
 .text.usb_lld_init_endpoint
                0x08010520      0x1a0 build/obj/usb_lld.o
                0x08010520                usb_lld_init_endpoint
 .text.usb_lld_get_status_out
                0x080106c0       0x38 build/obj/usb_lld.o
                0x080106c0                usb_lld_get_status_out
 *fill*         0x080106f8        0x8 
 .text.usb_lld_get_status_in
                0x08010700       0x38 build/obj/usb_lld.o
                0x08010700                usb_lld_get_status_in
 *fill*         0x08010738        0x8 
 .text.usb_lld_read_setup
                0x08010740       0x30 build/obj/usb_lld.o
                0x08010740                usb_lld_read_setup
 .text.usb_lld_prepare_receive
                0x08010770       0x5c build/obj/usb_lld.o
                0x08010770                usb_lld_prepare_receive
 *fill*         0x080107cc        0x4 
 .text.usb_lld_prepare_transmit
                0x080107d0       0x64 build/obj/usb_lld.o
                0x080107d0                usb_lld_prepare_transmit
 *fill*         0x08010834        0xc 
 .text.usb_lld_start_out
                0x08010840       0x34 build/obj/usb_lld.o
                0x08010840                usb_lld_start_out
 *fill*         0x08010874        0xc 
 .text.usb_lld_start_in
                0x08010880       0x44 build/obj/usb_lld.o
                0x08010880                usb_lld_start_in
 *fill*         0x080108c4        0xc 
 .text.usb_lld_stall_out
                0x080108d0       0x34 build/obj/usb_lld.o
                0x080108d0                usb_lld_stall_out
 *fill*         0x08010904        0xc 
 .text.usb_lld_stall_in
                0x08010910       0x34 build/obj/usb_lld.o
                0x08010910                usb_lld_stall_in
 *fill*         0x08010944        0xc 
 .text.usb_lld_clear_out
                0x08010950       0x34 build/obj/usb_lld.o
                0x08010950                usb_lld_clear_out
 *fill*         0x08010984        0xc 
 .text.usb_lld_clear_in
                0x08010990       0x34 build/obj/usb_lld.o
                0x08010990                usb_lld_clear_in
 *fill*         0x080109c4        0xc 
 .text.i2s_lld_init
                0x080109d0       0x50 build/obj/i2s_lld.o
                0x080109d0                i2s_lld_init
 .text.spi_lld_init
                0x08010a20       0x5c build/obj/spi_lld.o
                0x08010a20                spi_lld_init
 *fill*         0x08010a7c        0x4 
 .text.Vector118
                0x08010a80       0x5c build/obj/gpt_lld.o
                0x08010a80                Vector118
 *fill*         0x08010adc        0x4 
 .text.VectorA8
                0x08010ae0       0x5c build/obj/gpt_lld.o
                0x08010ae0                VectorA8
 *fill*         0x08010b3c        0x4 
 .text.VectorEC
                0x08010b40       0x5c build/obj/gpt_lld.o
                0x08010b40                VectorEC
 *fill*         0x08010b9c        0x4 
 .text.gpt_lld_init
                0x08010ba0       0x58 build/obj/gpt_lld.o
                0x08010ba0                gpt_lld_init
 *fill*         0x08010bf8        0x8 
 .text.VectorB0
                0x08010c00       0x8c build/obj/pwm_lld.o
                0x08010c00                VectorB0
 *fill*         0x08010c8c        0x4 
 .text.VectorB4
                0x08010c90       0x8c build/obj/pwm_lld.o
                0x08010c90                VectorB4
 *fill*         0x08010d1c        0x4 
 .text.VectorB8
                0x08010d20       0x8c build/obj/pwm_lld.o
                0x08010d20                VectorB8
 *fill*         0x08010dac        0x4 
 .text.Vector108
                0x08010db0       0x8c build/obj/pwm_lld.o
                0x08010db0                Vector108
 *fill*         0x08010e3c        0x4 
 .text.pwm_lld_init
                0x08010e40       0x80 build/obj/pwm_lld.o
                0x08010e40                pwm_lld_init
 .text.pwm_lld_start
                0x08010ec0      0x1d0 build/obj/pwm_lld.o
                0x08010ec0                pwm_lld_start
 .text.pwm_lld_enable_channel
                0x08011090       0x2c build/obj/pwm_lld.o
                0x08011090                pwm_lld_enable_channel
 *fill*         0x080110bc        0x4 
 .text.pwm_lld_disable_channel
                0x080110c0       0x3c build/obj/pwm_lld.o
                0x080110c0                pwm_lld_disable_channel
 *fill*         0x080110fc        0x4 
 .text.pwm_lld_enable_periodic_notification
                0x08011100       0x38 build/obj/pwm_lld.o
                0x08011100                pwm_lld_enable_periodic_notification
 *fill*         0x08011138        0x8 
 .text.pwm_lld_enable_channel_notification
                0x08011140       0x38 build/obj/pwm_lld.o
                0x08011140                pwm_lld_enable_channel_notification
 *fill*         0x08011178        0x8 
 .text.SysTick_Handler
                0x08011180       0x50 build/obj/st_lld.o
                0x08011180                SysTick_Handler
 .text.st_lld_init
                0x080111d0       0x40 build/obj/st_lld.o
                0x080111d0                st_lld_init
 .text.notify3  0x08011210       0x30 build/obj/serial_lld.o
 .text.VectorDC
                0x08011240      0x1e8 build/obj/serial_lld.o
                0x08011240                VectorDC
 *fill*         0x08011428        0x8 
 .text.sd_lld_init
                0x08011430       0x3c build/obj/serial_lld.o
                0x08011430                sd_lld_init
 *fill*         0x0801146c        0x4 
 .text.sd_lld_start
                0x08011470       0xac build/obj/serial_lld.o
                0x08011470                sd_lld_start
 *fill*         0x0801151c        0x4 
 .text.__early_init
                0x08011520       0x24 build/obj/board.o
                0x08011520                __early_init
 *fill*         0x08011544        0xc 
 .text.sdc_lld_is_card_inserted
                0x08011550       0x30 build/obj/board.o
                0x08011550                sdc_lld_is_card_inserted
 .text.sdc_lld_is_write_protected
                0x08011580       0x24 build/obj/board.o
                0x08011580                sdc_lld_is_write_protected
 *fill*         0x080115a4        0xc 
 .text.boardInit
                0x080115b0       0x20 build/obj/board.o
                0x080115b0                boardInit
 .text.malloc   0x080115d0       0x10 c:/eclipse_e-puck2/tools/gcc-arm-none-eabi-7-2017-q4-major-win32/bin/../lib/gcc/arm-none-eabi/7.2.1/../../../../arm-none-eabi/lib/thumb/v7e-m/fpv4-sp/hard\libg.a(lib_a-malloc.o)
                0x080115d0                malloc
 .text.free     0x080115e0       0x10 c:/eclipse_e-puck2/tools/gcc-arm-none-eabi-7-2017-q4-major-win32/bin/../lib/gcc/arm-none-eabi/7.2.1/../../../../arm-none-eabi/lib/thumb/v7e-m/fpv4-sp/hard\libg.a(lib_a-malloc.o)
                0x080115e0                free
 .text._malloc_r
                0x080115f0      0x548 c:/eclipse_e-puck2/tools/gcc-arm-none-eabi-7-2017-q4-major-win32/bin/../lib/gcc/arm-none-eabi/7.2.1/../../../../arm-none-eabi/lib/thumb/v7e-m/fpv4-sp/hard\libg.a(lib_a-mallocr.o)
                0x080115f0                _malloc_r
 *fill*         0x08011b38        0x8 
 .text.__ascii_mbtowc
                0x08011b40       0x2c c:/eclipse_e-puck2/tools/gcc-arm-none-eabi-7-2017-q4-major-win32/bin/../lib/gcc/arm-none-eabi/7.2.1/../../../../arm-none-eabi/lib/thumb/v7e-m/fpv4-sp/hard\libg.a(lib_a-mbtowc_r.o)
                0x08011b40                __ascii_mbtowc
 *fill*         0x08011b6c        0x4 
 .text.memmove  0x08011b70       0xc8 c:/eclipse_e-puck2/tools/gcc-arm-none-eabi-7-2017-q4-major-win32/bin/../lib/gcc/arm-none-eabi/7.2.1/../../../../arm-none-eabi/lib/thumb/v7e-m/fpv4-sp/hard\libg.a(lib_a-memmove.o)
                0x08011b70                memmove
 *fill*         0x08011c38        0x8 
 .text.memset   0x08011c40       0x94 c:/eclipse_e-puck2/tools/gcc-arm-none-eabi-7-2017-q4-major-win32/bin/../lib/gcc/arm-none-eabi/7.2.1/../../../../arm-none-eabi/lib/thumb/v7e-m/fpv4-sp/hard\libg.a(lib_a-memset.o)
                0x08011c40                memset
 *fill*         0x08011cd4        0xc 
 .text.snprintf
                0x08011ce0       0x90 c:/eclipse_e-puck2/tools/gcc-arm-none-eabi-7-2017-q4-major-win32/bin/../lib/gcc/arm-none-eabi/7.2.1/../../../../arm-none-eabi/lib/thumb/v7e-m/fpv4-sp/hard\libg.a(lib_a-snprintf.o)
                0x08011ce0                snprintf
 .text.strcpy   0x08011d70       0xbc c:/eclipse_e-puck2/tools/gcc-arm-none-eabi-7-2017-q4-major-win32/bin/../lib/gcc/arm-none-eabi/7.2.1/../../../../arm-none-eabi/lib/thumb/v7e-m/fpv4-sp/hard\libg.a(lib_a-strcpy.o)
                0x08011d70                strcpy
 *fill*         0x08011e2c        0x4 
 .text.strncpy  0x08011e30       0x64 c:/eclipse_e-puck2/tools/gcc-arm-none-eabi-7-2017-q4-major-win32/bin/../lib/gcc/arm-none-eabi/7.2.1/../../../../arm-none-eabi/lib/thumb/v7e-m/fpv4-sp/hard\libg.a(lib_a-strncpy.o)
                0x08011e30                strncpy
 *fill*         0x08011e94        0xc 
 .text._svfprintf_r
                0x08011ea0     0x144c c:/eclipse_e-puck2/tools/gcc-arm-none-eabi-7-2017-q4-major-win32/bin/../lib/gcc/arm-none-eabi/7.2.1/../../../../arm-none-eabi/lib/thumb/v7e-m/fpv4-sp/hard\libg.a(lib_a-svfprintf.o)
                0x08011ea0                _svfprintf_r
 *fill*         0x080132ec        0x4 
 .text.__ascii_wctomb
                0x080132f0       0x1c c:/eclipse_e-puck2/tools/gcc-arm-none-eabi-7-2017-q4-major-win32/bin/../lib/gcc/arm-none-eabi/7.2.1/../../../../arm-none-eabi/lib/thumb/v7e-m/fpv4-sp/hard\libg.a(lib_a-wctomb_r.o)
                0x080132f0                __ascii_wctomb
 *fill*         0x0801330c        0x4 
 .text.quorem   0x08013310      0x124 c:/eclipse_e-puck2/tools/gcc-arm-none-eabi-7-2017-q4-major-win32/bin/../lib/gcc/arm-none-eabi/7.2.1/../../../../arm-none-eabi/lib/thumb/v7e-m/fpv4-sp/hard\libg.a(lib_a-dtoa.o)
 *fill*         0x08013434        0xc 
 .text._dtoa_r  0x08013440      0xe28 c:/eclipse_e-puck2/tools/gcc-arm-none-eabi-7-2017-q4-major-win32/bin/../lib/gcc/arm-none-eabi/7.2.1/../../../../arm-none-eabi/lib/thumb/v7e-m/fpv4-sp/hard\libg.a(lib_a-dtoa.o)
                0x08013440                _dtoa_r
 *fill*         0x08014268        0x8 
 .text._malloc_trim_r
                0x08014270       0xa0 c:/eclipse_e-puck2/tools/gcc-arm-none-eabi-7-2017-q4-major-win32/bin/../lib/gcc/arm-none-eabi/7.2.1/../../../../arm-none-eabi/lib/thumb/v7e-m/fpv4-sp/hard\libg.a(lib_a-freer.o)
                0x08014270                _malloc_trim_r
 .text._free_r  0x08014310      0x1e8 c:/eclipse_e-puck2/tools/gcc-arm-none-eabi-7-2017-q4-major-win32/bin/../lib/gcc/arm-none-eabi/7.2.1/../../../../arm-none-eabi/lib/thumb/v7e-m/fpv4-sp/hard\libg.a(lib_a-freer.o)
                0x08014310                _free_r
 *fill*         0x080144f8        0x8 
 .text._localeconv_r
                0x08014500       0x1c c:/eclipse_e-puck2/tools/gcc-arm-none-eabi-7-2017-q4-major-win32/bin/../lib/gcc/arm-none-eabi/7.2.1/../../../../arm-none-eabi/lib/thumb/v7e-m/fpv4-sp/hard\libg.a(lib_a-localeconv.o)
                0x08014500                _localeconv_r
 *fill*         0x0801451c        0x4 
 .text._Balloc  0x08014520       0x4c c:/eclipse_e-puck2/tools/gcc-arm-none-eabi-7-2017-q4-major-win32/bin/../lib/gcc/arm-none-eabi/7.2.1/../../../../arm-none-eabi/lib/thumb/v7e-m/fpv4-sp/hard\libg.a(lib_a-mprec.o)
                0x08014520                _Balloc
 *fill*         0x0801456c        0x4 
 .text._Bfree   0x08014570       0x14 c:/eclipse_e-puck2/tools/gcc-arm-none-eabi-7-2017-q4-major-win32/bin/../lib/gcc/arm-none-eabi/7.2.1/../../../../arm-none-eabi/lib/thumb/v7e-m/fpv4-sp/hard\libg.a(lib_a-mprec.o)
                0x08014570                _Bfree
 *fill*         0x08014584        0xc 
 .text.__multadd
                0x08014590       0x80 c:/eclipse_e-puck2/tools/gcc-arm-none-eabi-7-2017-q4-major-win32/bin/../lib/gcc/arm-none-eabi/7.2.1/../../../../arm-none-eabi/lib/thumb/v7e-m/fpv4-sp/hard\libg.a(lib_a-mprec.o)
                0x08014590                __multadd
 .text.__hi0bits
                0x08014610       0x40 c:/eclipse_e-puck2/tools/gcc-arm-none-eabi-7-2017-q4-major-win32/bin/../lib/gcc/arm-none-eabi/7.2.1/../../../../arm-none-eabi/lib/thumb/v7e-m/fpv4-sp/hard\libg.a(lib_a-mprec.o)
                0x08014610                __hi0bits
 .text.__lo0bits
                0x08014650       0x60 c:/eclipse_e-puck2/tools/gcc-arm-none-eabi-7-2017-q4-major-win32/bin/../lib/gcc/arm-none-eabi/7.2.1/../../../../arm-none-eabi/lib/thumb/v7e-m/fpv4-sp/hard\libg.a(lib_a-mprec.o)
                0x08014650                __lo0bits
 .text.__i2b    0x080146b0       0x14 c:/eclipse_e-puck2/tools/gcc-arm-none-eabi-7-2017-q4-major-win32/bin/../lib/gcc/arm-none-eabi/7.2.1/../../../../arm-none-eabi/lib/thumb/v7e-m/fpv4-sp/hard\libg.a(lib_a-mprec.o)
                0x080146b0                __i2b
 *fill*         0x080146c4        0xc 
 .text.__multiply
                0x080146d0      0x14c c:/eclipse_e-puck2/tools/gcc-arm-none-eabi-7-2017-q4-major-win32/bin/../lib/gcc/arm-none-eabi/7.2.1/../../../../arm-none-eabi/lib/thumb/v7e-m/fpv4-sp/hard\libg.a(lib_a-mprec.o)
                0x080146d0                __multiply
 *fill*         0x0801481c        0x4 
 .text.__pow5mult
                0x08014820       0xa0 c:/eclipse_e-puck2/tools/gcc-arm-none-eabi-7-2017-q4-major-win32/bin/../lib/gcc/arm-none-eabi/7.2.1/../../../../arm-none-eabi/lib/thumb/v7e-m/fpv4-sp/hard\libg.a(lib_a-mprec.o)
                0x08014820                __pow5mult
 .text.__lshift
                0x080148c0       0xac c:/eclipse_e-puck2/tools/gcc-arm-none-eabi-7-2017-q4-major-win32/bin/../lib/gcc/arm-none-eabi/7.2.1/../../../../arm-none-eabi/lib/thumb/v7e-m/fpv4-sp/hard\libg.a(lib_a-mprec.o)
                0x080148c0                __lshift
 *fill*         0x0801496c        0x4 
 .text.__mcmp   0x08014970       0x38 c:/eclipse_e-puck2/tools/gcc-arm-none-eabi-7-2017-q4-major-win32/bin/../lib/gcc/arm-none-eabi/7.2.1/../../../../arm-none-eabi/lib/thumb/v7e-m/fpv4-sp/hard\libg.a(lib_a-mprec.o)
                0x08014970                __mcmp
 *fill*         0x080149a8        0x8 
 .text.__mdiff  0x080149b0       0xec c:/eclipse_e-puck2/tools/gcc-arm-none-eabi-7-2017-q4-major-win32/bin/../lib/gcc/arm-none-eabi/7.2.1/../../../../arm-none-eabi/lib/thumb/v7e-m/fpv4-sp/hard\libg.a(lib_a-mprec.o)
                0x080149b0                __mdiff
 *fill*         0x08014a9c        0x4 
 .text.__d2b    0x08014aa0       0xc4 c:/eclipse_e-puck2/tools/gcc-arm-none-eabi-7-2017-q4-major-win32/bin/../lib/gcc/arm-none-eabi/7.2.1/../../../../arm-none-eabi/lib/thumb/v7e-m/fpv4-sp/hard\libg.a(lib_a-mprec.o)
                0x08014aa0                __d2b
 *fill*         0x08014b64        0xc 
 .text.__ssprint_r
                0x08014b70       0xf4 c:/eclipse_e-puck2/tools/gcc-arm-none-eabi-7-2017-q4-major-win32/bin/../lib/gcc/arm-none-eabi/7.2.1/../../../../arm-none-eabi/lib/thumb/v7e-m/fpv4-sp/hard\libg.a(lib_a-svfiprintf.o)
                0x08014b70                __ssprint_r
 *fill*         0x08014c64        0xc 
 .text._calloc_r
                0x08014c70       0x68 c:/eclipse_e-puck2/tools/gcc-arm-none-eabi-7-2017-q4-major-win32/bin/../lib/gcc/arm-none-eabi/7.2.1/../../../../arm-none-eabi/lib/thumb/v7e-m/fpv4-sp/hard\libg.a(lib_a-callocr.o)
                0x08014c70                _calloc_r
 *fill*         0x08014cd8        0x8 
 .text._realloc_r
                0x08014ce0      0x35c c:/eclipse_e-puck2/tools/gcc-arm-none-eabi-7-2017-q4-major-win32/bin/../lib/gcc/arm-none-eabi/7.2.1/../../../../arm-none-eabi/lib/thumb/v7e-m/fpv4-sp/hard\libg.a(lib_a-reallocr.o)
                0x08014ce0                _realloc_r
 *(.rodata)
 *(.rodata.*)
 *fill*         0x0801503c        0x4 
 .rodata.SendUint8ToComputer.str1.4
                0x08015040        0x6 build/obj/main.o
 *fill*         0x08015046        0xa 
 .rodata.__stack_chk_fail.str1.4
                0x08015050       0x18 build/obj/main.o
 *fill*         0x08015068        0x8 
 .rodata.__FUNCTION__.11327
                0x08015070        0xd build/obj/process_image.o
 *fill*         0x0801507d        0x3 
 .rodata.__FUNCTION__.11333
                0x08015080        0xd build/obj/process_image.o
 *fill*         0x0801508d        0x3 
 .rodata.__func__.7153